16.180.70.237 - - [10/Oct/2013:12:00:21] "GET /wheelsets HTTP/1.0" 200 4727 "http://bleater.com" "Mozilla/5.0 (Macintosh; Intel Mac OS X 10_9_2) AppleWebKit/537.36 (KHTML, like Gecko) Chrome/36.0.1944.0 Safari/537.36"
16.180.70.237 - - [10/Oct/2013:12:04:27] "GET /Store/cart.jsp?productID=1379 HTTP/1.0" 200 4820 "http://www.casualcyclist.com" "Mozilla/5.0 (Macintosh; Intel Mac OS X 10_9_2) AppleWebKit/537.36 (KHTML, like Gecko) Chrome/36.0.1944.0 Safari/537.36"
81.73.150.239 - - [10/Oct/2013:12:05:56] "GET /shifters HTTP/1.0" 200 2367 "http://bestcyclingreviews.com/top_online_shops" "Mozilla/5.0 (Linux; U; Android 2.3.5; en-us; HTC Vision Build/GRI40) AppleWebKit/533.1 (KHTML, like Gecko) Version/4.0 Mobile Safari/533.1"
218.193.16.244 - - [10/Oct/2013:12:06:35] "GET /seatposts HTTP/1.0" 200 2684 "http://www.casualcyclist.com" "Mozilla/5.0 (Linux; U; Android 2.3.5; en-us; HTC Vision Build/GRI40) AppleWebKit/533.1 (KHTML, like Gecko) Version/4.0 Mobile Safari/533.1"
16.180.70.237 - - [10/Oct/2013:12:08:28] "GET /handle-bars HTTP/1.0" 200 2319 "http://bestcyclingreviews.com/top_online_shops" "Mozilla/5.0 (Macintosh; Intel Mac OS X 10_9_2) AppleWebKit/537.36 (KHTML, like Gecko) Chrome/36.0.1944.0 Safari/537.36"
198.122.118.164 - - [10/Oct/2013:12:12:51] "GET /seatposts HTTP/1.0" 200 3184 "-" "Mozilla/5.0 (Windows; U; MSIE 9.0; Windows NT 9.0; en-US))"
114.214.178.92 - - [10/Oct/2013:12:13:33] "GET /seatposts HTTP/1.0" 200 3509 "http://searchengine.com" "Mozilla/5.0 (iPad; CPU OS 6_0 like Mac OS X) AppleWebKit/536.26 (KHTML, like Gecko) Version/6.0 Mobile/10A5355d Safari/8536.25"
233.192.62.103 - - [10/Oct/2013:12:14:36] "GET /Store/cart.jsp?productID=1378 HTTP/1.0" 200 4518 "http://www.casualcyclist.com" "Mozilla/5.0 (iPad; CPU OS 6_0 like Mac OS X) AppleWebKit/536.26 (KHTML, like Gecko) Version/6.0 Mobile/10A5355d Safari/8536.25"
114.214.178.92 - - [10/Oct/2013:12:17:43] "GET /stems HTTP/1.0" 200 3613 "-" "Mozilla/5.0 (Macintosh; Intel Mac OS X 10_9_2) AppleWebKit/537.36 (KHTML, like Gecko) Chrome/36.0.1944.0 Safari/537.36"
114.214.178.92 - - [10/Oct/2013:12:18:38] "GET /Store/cart.jsp?productID=1454 HTTP/1.0" 200 3616 "http://searchengine.com" "Mozilla/5.0 (iPad; CPU OS 6_0 like Mac OS X) AppleWebKit/536.26 (KHTML, like Gecko) Version/6.0 Mobile/10A5355d Safari/8536.25"
244.157.45.12 - - [10/Oct/2013:12:23:38] "GET /Store/cart.jsp?productID=1222 HTTP/1.0" 200 2777 "http://www.casualcyclist.com" "Mozilla/4.0 (compatible; MSIE 7.0; Windows NT 6.0)"
114.214.178.92 - - [10/Oct/2013:12:24:42] "GET /Store/cart.jsp?productID=1361 HTTP/1.0" 200 2157 "http://bestcyclingreviews.com/top_online_shops" "Mozilla/5.0 (Windows; U; Windows NT 6.1; rv:2.2) Gecko/20110201"
237.43.24.118 - - [10/Oct/2013:12:26:03] "GET /Store/cart.jsp?productID=1460 HTTP/1.0" 200 2138 "http://searchengine.com" "Mozilla/5.0 (Windows; U; MSIE 9.0; Windows NT 9.0; en-US))"
198.122.118.164 - - [10/Oct/2013:12:30:35] "GET /shifters HTTP/1.0" 200 4057 "http://searchengine.com" "Mozilla/5.0 (Windows; U; MSIE 9.0; Windows NT 9.0; en-US))"
123.221.14.56 - - [10/Oct/2013:12:31:53] "GET /wheelsets HTTP/1.0" 200 3537 "-" "Mozilla/5.0 (iPad; CPU OS 6_0 like Mac OS X) AppleWebKit/536.26 (KHTML, like Gecko) Version/6.0 Mobile/10A5355d Safari/8536.25"
114.214.178.92 - - [10/Oct/2013:12:34:18] "GET /handle-bars HTTP/1.0" 200 2066 "http://bleater.com" "Mozilla/5.0 (iPad; CPU OS 6_0 like Mac OS X) AppleWebKit/536.26 (KHTML, like Gecko) Version/6.0 Mobile/10A5355d Safari/8536.25"
123.221.14.56 - - [10/Oct/2013:12:37:46] "GET /shifters HTTP/1.0" 200 4647 "http://searchengine.com" "Mozilla/5.0 (iPad; CPU OS 6_0 like Mac OS X) AppleWebKit/536.26 (KHTML, like Gecko) Version/6.0 Mobile/10A5355d Safari/8536.25"
16.180.70.237 - - [10/Oct/2013:12:39:47] "GET /forks HTTP/1.0" 200 3773 "http://bestcyclingreviews.com/top_online_shops" "Mozilla/5.0 (iPad; CPU OS 6_0 like Mac OS X) AppleWebKit/536.26 (KHTML, like Gecko) Version/6.0 Mobile/10A5355d Safari/8536.25"
81.73.150.239 - - [10/Oct/2013:12:42:46] "GET /handle-bars HTTP/1.0" 200 3365 "http://searchengine.com" "Mozilla/5.0 (Windows NT 5.1; rv:31.0) Gecko/20100101 Firefox/31.0"
233.192.62.103 - - [10/Oct/2013:12:43:47] "GET /shifters HTTP/1.0" 200 2375 "http://searchengine.com" "Mozilla/4.0 (compatible; MSIE 7.0; Windows NT 6.0)"
233.192.62.103 - - [10/Oct/2013:12:46:39] "GET /stems HTTP/1.0" 200 2187 "-" "Mozilla/5.0 (Windows; U; MSIE 9.0; Windows NT 9.0; en-US))"
233.192.62.103 - - [10/Oct/2013:12:50:43] "GET /stems HTTP/1.0" 200 3095 "http://bestcyclingreviews.com/top_online_shops" "Mozilla/4.0 (compatible; MSIE 7.0; Windows NT 6.0)"
123.221.14.56 - - [10/Oct/2013:12:54:07] "GET /shifters HTTP/1.0" 200 2093 "http://searchengine.com" "Mozilla/5.0 (Macintosh; Intel Mac OS X 10_9_2) AppleWebKit/537.36 (KHTML, like Gecko) Chrome/36.0.1944.0 Safari/537.36"
114.214.178.92 - - [10/Oct/2013:12:55:29] "GET /shifters HTTP/1.0" 200 4571 "http://bleater.com" "Mozilla/4.0 (compatible; MSIE 7.0; Windows NT 6.0)"
198.122.118.164 - - [10/Oct/2013:12:58:11] "GET /wheelsets HTTP/1.0" 200 2526 "http://bestcyclingreviews.com/top_online_shops" "Mozilla/4.0 (compatible; MSIE 7.0; Windows NT 6.0)"
114.214.178.92 - - [10/Oct/2013:13:02:56] "GET /handle-bars HTTP/1.0" 200 4899 "http://bleater.com" "Mozilla/5.0 (Windows; U; Windows NT 6.1; rv:2.2) Gecko/20110201"
123.221.14.56 - - [10/Oct/2013:13:04:18] "GET /Store/cart.jsp?productID=1014 HTTP/1.0" 200 4728 "http://bleater.com" "Mozilla/5.0 (Macintosh; Intel Mac OS X 10_9_2) AppleWebKit/537.36 (KHTML, like Gecko) Chrome/36.0.1944.0 Safari/537.36"
10.182.189.79 - - [10/Oct/2013:13:09:17] "GET /Store/cart.jsp?productID=1472 HTTP/1.0" 200 2428 "http://www.casualcyclist.com" "Mozilla/5.0 (Linux; U; Android 2.3.5; en-us; HTC Vision Build/GRI40) AppleWebKit/533.1 (KHTML, like Gecko) Version/4.0 Mobile Safari/533.1"
123.221.14.56 - - [10/Oct/2013:13:12:09] "GET /wheelsets HTTP/1.0" 200 2954 "http://bleater.com" "Mozilla/5.0 (Windows NT 5.1; rv:31.0) Gecko/20100101 Firefox/31.0"
237.43.24.118 - - [10/Oct/2013:13:14:31] "GET /wheelsets HTTP/1.0" 200 2537 "http://bleater.com" "Mozilla/5.0 (Linux; U; Android 2.3.5; en-us; HTC Vision Build/GRI40) AppleWebKit/533.1 (KHTML, like Gecko) Version/4.0 Mobile Safari/533.1"
10.182.189.79 - - [10/Oct/2013:13:17:29] "GET /Store/cart.jsp?productID=1159 HTTP/1.0" 200 4125 "http://bestcyclingreviews.com/top_online_shops" "Mozilla/5.0 (Windows; U; MSIE 9.0; Windows NT 9.0; en-US))"
10.182.189.79 - - [10/Oct/2013:13:21:23] "GET /saddles HTTP/1.0" 200 2045 "http://bleater.com" "Mozilla/5.0 (Linux; U; Android 2.3.5; en-us; HTC Vision Build/GRI40) AppleWebKit/533.1 (KHTML, like Gecko) Version/4.0 Mobile Safari/533.1"
198.122.118.164 - - [10/Oct/2013:13:22:54] "GET /handle-bars HTTP/1.0" 200 3888 "http://bestcyclingreviews.com/top_online_shops" "Mozilla/4.0 (compatible; MSIE 7.0; Windows NT 6.0)"
198.122.118.164 - - [10/Oct/2013:13:24:02] "GET /handle-bars HTTP/1.0" 200 2870 "http://bleater.com" "Mozilla/5.0 (Windows; U; MSIE 9.0; Windows NT 9.0; en-US))"
81.73.150.239 - - [10/Oct/2013:13:24:32] "GET /handle-bars HTTP/1.0" 200 2799 "http://bleater.com" "Mozilla/4.0 (compatible; MSIE 7.0; Windows NT 6.0)"
244.157.45.12 - - [10/Oct/2013:13:28:12] "GET /wheelsets HTTP/1.0" 200 3027 "http://www.casualcyclist.com" "Mozilla/5.0 (Macintosh; Intel Mac OS X 10_9_2) AppleWebKit/537.36 (KHTML, like Gecko) Chrome/36.0.1944.0 Safari/537.36"
16.180.70.237 - - [10/Oct/2013:13:30:24] "GET /saddles HTTP/1.0" 200 4119 "http://www.casualcyclist.com" "Mozilla/5.0 (iPad; CPU OS 6_0 like Mac OS X) AppleWebKit/536.26 (KHTML, like Gecko) Version/6.0 Mobile/10A5355d Safari/8536.25"
10.182.189.79 - - [10/Oct/2013:13:31:58] "GET /stems HTTP/1.0" 200 4016 "http://www.casualcyclist.com" "Mozilla/5.0 (Windows NT 5.1; rv:31.0) Gecko/20100101 Firefox/31.0"
10.182.189.79 - - [10/Oct/2013:13:32:54] "GET /forks HTTP/1.0" 200 4817 "http://www.casualcyclist.com" "Mozilla/5.0 (Windows; U; MSIE 9.0; Windows NT 9.0; en-US))"
244.157.45.12 - - [10/Oct/2013:13:34:53] "GET /wheelsets HTTP/1.0" 200 3478 "http://bestcyclingreviews.com/top_online_shops" "Mozilla/5.0 (Windows; U; Windows NT 6.1; rv:2.2) Gecko/20110201"
233.192.62.103 - - [10/Oct/2013:13:36:01] "GET /Store/cart.jsp?productID=1187 HTTP/1.0" 200 2199 "http://bleater.com" "Mozilla/5.0 (Windows NT 5.1; rv:31.0) Gecko/20100101 Firefox/31.0"
114.214.178.92 - - [10/Oct/2013:13:37:15] "GET /forks HTTP/1.0" 200 4636 "http://bestcyclingreviews.com/top_online_shops" "Mozilla/4.0 (compatible; MSIE 7.0; Windows NT 6.0)"
244.157.45.12 - - [10/Oct/2013:13:41:51] "GET /wheelsets HTTP/1.0" 200 3867 "http://searchengine.com" "Mozilla/5.0 (Windows; U; Windows NT 6.1; rv:2.2) Gecko/20110201"
10.182.189.79 - - [10/Oct/2013:13:42:30] "GET /saddles HTTP/1.0" 200 2460 "http://searchengine.com" "Mozilla/5.0 (Linux; U; Android 2.3.5; en-us; HTC Vision Build/GRI40) AppleWebKit/533.1 (KHTML, like Gecko) Version/4.0 Mobile Safari/533.1"
10.182.189.79 - - [10/Oct/2013:13:43:30] "GET /wheelsets HTTP/1.0" 200 2126 "http://bleater.com" "Mozilla/5.0 (Windows; U; MSIE 9.0; Windows NT 9.0; en-US))"
10.182.189.79 - - [10/Oct/2013:13:45:15] "GET /seatposts HTTP/1.0" 200 2260 "http://bleater.com" "Mozilla/5.0 (iPad; CPU OS 6_0 like Mac OS X) AppleWebKit/536.26 (KHTML, like Gecko) Version/6.0 Mobile/10A5355d Safari/8536.25"
218.193.16.244 - - [10/Oct/2013:13:46:48] "GET /forks HTTP/1.0" 200 3753 "http://bestcyclingreviews.com/top_online_shops" "Mozilla/4.0 (compatible; MSIE 7.0; Windows NT 6.0)"
114.214.178.92 - - [10/Oct/2013:13:50:46] "GET /seatposts HTTP/1.0" 200 3284 "http://searchengine.com" "Mozilla/5.0 (Windows NT 5.1; rv:31.0) Gecko/20100101 Firefox/31.0"
237.43.24.118 - - [10/Oct/2013:13:54:17] "GET /stems HTTP/1.0" 200 2593 "http://bestcyclingreviews.com/top_online_shops" "Mozilla/5.0 (Macintosh; Intel Mac OS X 10_9_2) AppleWebKit/537.36 (KHTML, like Gecko) Chrome/36.0.1944.0 Safari/537.36"
198.122.118.164 - - [10/Oct/2013:13:57:46] "GET /stems HTTP/1.0" 200 2481 "-" "Mozilla/4.0 (compatible; MSIE 7.0; Windows NT 6.0)"
16.180.70.237 - - [10/Oct/2013:14:02:13] "GET /seatposts HTTP/1.0" 200 4784 "http://searchengine.com" "Mozilla/5.0 (Linux; U; Android 2.3.5; en-us; HTC Vision Build/GRI40) AppleWebKit/533.1 (KHTML, like Gecko) Version/4.0 Mobile Safari/533.1"
233.192.62.103 - - [10/Oct/2013:14:06:02] "GET /shifters HTTP/1.0" 200 2246 "http://searchengine.com" "Mozilla/5.0 (Windows; U; MSIE 9.0; Windows NT 9.0; en-US))"
123.221.14.56 - - [10/Oct/2013:14:08:51] "GET /seatposts HTTP/1.0" 200 3370 "http://bestcyclingreviews.com/top_online_shops" "Mozilla/5.0 (Windows NT 5.1; rv:31.0) Gecko/20100101 Firefox/31.0"
237.43.24.118 - - [10/Oct/2013:14:10:56] "GET /shifters HTTP/1.0" 200 4710 "-" "Mozilla/4.0 (compatible; MSIE 7.0; Windows NT 6.0)"
114.214.178.92 - - [10/Oct/2013:14:14:08] "GET /forks HTTP/1.0" 200 2837 "http://bestcyclingreviews.com/top_online_shops" "Mozilla/4.0 (compatible; MSIE 7.0; Windows NT 6.0)"
198.122.118.164 - - [10/Oct/2013:14:14:55] "GET /forks HTTP/1.0" 200 2534 "http://bleater.com" "Mozilla/5.0 (Linux; U; Android 2.3.5; en-us; HTC Vision Build/GRI40) AppleWebKit/533.1 (KHTML, like Gecko) Version/4.0 Mobile Safari/533.1"
244.157.45.12 - - [10/Oct/2013:14:19:46] "GET /Store/cart.jsp?productID=1192 HTTP/1.0" 200 3314 "http://bleater.com" "Mozilla/5.0 (Windows NT 5.1; rv:31.0) Gecko/20100101 Firefox/31.0"
233.192.62.103 - - [10/Oct/2013:14:24:28] "GET /handle-bars HTTP/1.0" 200 4923 "-" "Mozilla/5.0 (Linux; U; Android 2.3.5; en-us; HTC Vision Build/GRI40) AppleWebKit/533.1 (KHTML, like Gecko) Version/4.0 Mobile Safari/533.1"
198.122.118.164 - - [10/Oct/2013:14:26:04] "GET /saddles HTTP/1.0" 200 2732 "http://www.casualcyclist.com" "Mozilla/5.0 (Macintosh; Intel Mac OS X 10_9_2) AppleWebKit/537.36 (KHTML, like Gecko) Chrome/36.0.1944.0 Safari/537.36"
244.157.45.12 - - [10/Oct/2013:14:30:27] "GET /seatposts HTTP/1.0" 200 3951 "http://searchengine.com" "Mozilla/5.0 (Linux; U; Android 2.3.5; en-us; HTC Vision Build/GRI40) AppleWebKit/533.1 (KHTML, like Gecko) Version/4.0 Mobile Safari/533.1"
237.43.24.118 - - [10/Oct/2013:14:32:25] "GET /wheelsets HTTP/1.0" 200 2518 "http://bestcyclingreviews.com/top_online_shops" "Mozilla/5.0 (Macintosh; Intel Mac OS X 10_9_2) AppleWebKit/537.36 (KHTML, like Gecko) Chrome/36.0.1944.0 Safari/537.36"
16.180.70.237 - - [10/Oct/2013:14:36:14] "GET /Store/cart.jsp?productID=1380 HTTP/1.0" 200 3491 "http://bleater.com" "Mozilla/5.0 (Windows NT 5.1; rv:31.0) Gecko/20100101 Firefox/31.0"
16.180.70.237 - - [10/Oct/2013:14:40:45] "GET /wheelsets HTTP/1.0" 200 4300 "http://searchengine.com" "Mozilla/5.0 (Macintosh; Intel Mac OS X 10_9_2) AppleWebKit/537.36 (KHTML, like Gecko) Chrome/36.0.1944.0 Safari/537.36"
16.180.70.237 - - [10/Oct/2013:14:42:09] "GET /handle-bars HTTP/1.0" 200 4735 "http://www.casualcyclist.com" "Mozilla/5.0 (Windows; U; Windows NT 6.1; rv:2.2) Gecko/20110201"
10.182.189.79 - - [10/Oct/2013:14:43:05] "GET /wheelsets HTTP/1.0" 200 4321 "http://bestcyclingreviews.com/top_online_shops" "Mozilla/5.0 (Windows; U; MSIE 9.0; Windows NT 9.0; en-US))"
218.193.16.244 - - [10/Oct/2013:14:46:18] "GET /saddles HTTP/1.0" 200 4415 "http://bleater.com" "Mozilla/5.0 (Windows; U; Windows NT 6.1; rv:2.2) Gecko/20110201"
123.221.14.56 - - [10/Oct/2013:14:48:34] "GET /wheelsets HTTP/1.0" 200 2790 "http://bestcyclingreviews.com/top_online_shops" "Mozilla/5.0 (Windows; U; Windows NT 6.1; rv:2.2) Gecko/20110201"
81.73.150.239 - - [10/Oct/2013:14:50:28] "GET /seatposts HTTP/1.0" 200 4814 "http://searchengine.com" "Mozilla/5.0 (Windows; U; Windows NT 6.1; rv:2.2) Gecko/20110201"
123.221.14.56 - - [10/Oct/2013:14:54:29] "GET /seatposts HTTP/1.0" 200 2401 "http://searchengine.com" "Mozilla/5.0 (Linux; U; Android 2.3.5; en-us; HTC Vision Build/GRI40) AppleWebKit/533.1 (KHTML, like Gecko) Version/4.0 Mobile Safari/533.1"
10.182.189.79 - - [10/Oct/2013:14:59:06] "GET /Store/cart.jsp?productID=1262 HTTP/1.0" 200 3024 "http://www.casualcyclist.com" "Mozilla/5.0 (Windows; U; MSIE 9.0; Windows NT 9.0; en-US))"
244.157.45.12 - - [10/Oct/2013:15:01:28] "GET /Store/cart.jsp?productID=1348 HTTP/1.0" 200 3073 "http://bestcyclingreviews.com/top_online_shops" "Mozilla/5.0 (Windows; U; Windows NT 6.1; rv:2.2) Gecko/20110201"
237.43.24.118 - - [10/Oct/2013:15:05:40] "GET /forks HTTP/1.0" 200 2704 "http://searchengine.com" "Mozilla/5.0 (iPad; CPU OS 6_0 like Mac OS X) AppleWebKit/536.26 (KHTML, like Gecko) Version/6.0 Mobile/10A5355d Safari/8536.25"
237.43.24.118 - - [10/Oct/2013:15:08:16] "GET /shifters HTTP/1.0" 200 3213 "http://bestcyclingreviews.com/top_online_shops" "Mozilla/5.0 (Windows; U; Windows NT 6.1; rv:2.2) Gecko/20110201"
198.122.118.164 - - [10/Oct/2013:15:12:26] "GET /handle-bars HTTP/1.0" 200 2613 "http://bestcyclingreviews.com/top_online_shops" "Mozilla/5.0 (Windows; U; Windows NT 6.1; rv:2.2) Gecko/20110201"
10.182.189.79 - - [10/Oct/2013:15:13:58] "GET /seatposts HTTP/1.0" 200 4031 "http://searchengine.com" "Mozilla/5.0 (iPad; CPU OS 6_0 like Mac OS X) AppleWebKit/536.26 (KHTML, like Gecko) Version/6.0 Mobile/10A5355d Safari/8536.25"
237.43.24.118 - - [10/Oct/2013:15:17:27] "GET /handle-bars HTTP/1.0" 200 3974 "http://bestcyclingreviews.com/top_online_shops" "Mozilla/5.0 (Windows NT 5.1; rv:31.0) Gecko/20100101 Firefox/31.0"
81.73.150.239 - - [10/Oct/2013:15:21:08] "GET /forks HTTP/1.0" 200 3779 "http://bleater.com" "Mozilla/5.0 (Linux; U; Android 2.3.5; en-us; HTC Vision Build/GRI40) AppleWebKit/533.1 (KHTML, like Gecko) Version/4.0 Mobile Safari/533.1"
10.182.189.79 - - [10/Oct/2013:15:25:11] "GET /wheelsets HTTP/1.0" 200 4177 "http://bestcyclingreviews.com/top_online_shops" "Mozilla/5.0 (Windows; U; MSIE 9.0; Windows NT 9.0; en-US))"
237.43.24.118 - - [10/Oct/2013:15:26:31] "GET /saddles HTTP/1.0" 200 3708 "http://searchengine.com" "Mozilla/5.0 (Windows NT 5.1; rv:31.0) Gecko/20100101 Firefox/31.0"
16.180.70.237 - - [10/Oct/2013:15:28:40] "GET /stems HTTP/1.0" 200 4377 "http://searchengine.com" "Mozilla/5.0 (iPad; CPU OS 6_0 like Mac OS X) AppleWebKit/536.26 (KHTML, like Gecko) Version/6.0 Mobile/10A5355d Safari/8536.25"
244.157.45.12 - - [10/Oct/2013:15:30:45] "GET /stems HTTP/1.0" 200 2711 "http://www.casualcyclist.com" "Mozilla/5.0 (Windows NT 5.1; rv:31.0) Gecko/20100101 Firefox/31.0"
198.122.118.164 - - [10/Oct/2013:15:31:42] "GET /stems HTTP/1.0" 200 2376 "http://www.casualcyclist.com" "Mozilla/5.0 (Windows; U; Windows NT 6.1; rv:2.2) Gecko/20110201"
114.214.178.92 - - [10/Oct/2013:15:33:17] "GET /seatposts HTTP/1.0" 200 2149 "http://bestcyclingreviews.com/top_online_shops" "Mozilla/5.0 (Macintosh; Intel Mac OS X 10_9_2) AppleWebKit/537.36 (KHTML, like Gecko) Chrome/36.0.1944.0 Safari/537.36"
10.182.189.79 - - [10/Oct/2013:15:35:06] "GET /forks HTTP/1.0" 200 2549 "http://bleater.com" "Mozilla/5.0 (Windows; U; Windows NT 6.1; rv:2.2) Gecko/20110201"
244.157.45.12 - - [10/Oct/2013:15:39:02] "GET /saddles HTTP/1.0" 200 4409 "-" "Mozilla/5.0 (iPad; CPU OS 6_0 like Mac OS X) AppleWebKit/536.26 (KHTML, like Gecko) Version/6.0 Mobile/10A5355d Safari/8536.25"
10.182.189.79 - - [10/Oct/2013:15:41:44] "GET /shifters HTTP/1.0" 200 3171 "http://bleater.com" "Mozilla/4.0 (compatible; MSIE 7.0; Windows NT 6.0)"
218.193.16.244 - - [10/Oct/2013:15:43:45] "GET /handle-bars HTTP/1.0" 200 3145 "http://searchengine.com" "Mozilla/5.0 (Windows; U; MSIE 9.0; Windows NT 9.0; en-US))"
233.192.62.103 - - [10/Oct/2013:15:48:09] "GET /shifters HTTP/1.0" 200 4257 "http://searchengine.com" "Mozilla/5.0 (iPad; CPU OS 6_0 like Mac OS X) AppleWebKit/536.26 (KHTML, like Gecko) Version/6.0 Mobile/10A5355d Safari/8536.25"
218.193.16.244 - - [10/Oct/2013:15:52:39] "GET /saddles HTTP/1.0" 200 2827 "-" "Mozilla/4.0 (compatible; MSIE 7.0; Windows NT 6.0)"
114.214.178.92 - - [10/Oct/2013:15:57:36] "GET /forks HTTP/1.0" 200 2414 "http://searchengine.com" "Mozilla/5.0 (Windows NT 5.1; rv:31.0) Gecko/20100101 Firefox/31.0"
16.180.70.237 - - [10/Oct/2013:16:02:17] "GET /stems HTTP/1.0" 200 2292 "http://bestcyclingreviews.com/top_online_shops" "Mozilla/5.0 (Windows NT 5.1; rv:31.0) Gecko/20100101 Firefox/31.0"
237.43.24.118 - - [10/Oct/2013:16:05:21] "GET /wheelsets HTTP/1.0" 200 2036 "http://www.casualcyclist.com" "Mozilla/5.0 (Windows; U; MSIE 9.0; Windows NT 9.0; en-US))"
244.157.45.12 - - [10/Oct/2013:16:09:01] "GET /stems HTTP/1.0" 200 2293 "http://www.casualcyclist.com" "Mozilla/5.0 (Windows NT 5.1; rv:31.0) Gecko/20100101 Firefox/31.0"
233.192.62.103 - - [10/Oct/2013:16:09:47] "GET /handle-bars HTTP/1.0" 200 4988 "http://www.casualcyclist.com" "Mozilla/5.0 (Windows; U; Windows NT 6.1; rv:2.2) Gecko/20110201"
114.214.178.92 - - [10/Oct/2013:16:14:41] "GET /seatposts HTTP/1.0" 200 3168 "http://www.casualcyclist.com" "Mozilla/5.0 (Windows; U; Windows NT 6.1; rv:2.2) Gecko/20110201"
123.221.14.56 - - [10/Oct/2013:16:17:48] "GET /handle-bars HTTP/1.0" 200 4254 "-" "Mozilla/4.0 (compatible; MSIE 7.0; Windows NT 6.0)"
218.193.16.244 - - [10/Oct/2013:16:19:47] "GET /forks HTTP/1.0" 200 2680 "http://bestcyclingreviews.com/top_online_shops" "Mozilla/5.0 (Windows NT 5.1; rv:31.0) Gecko/20100101 Firefox/31.0"
10.182.189.79 - - [10/Oct/2013:16:21:56] "GET /seatposts HTTP/1.0" 200 4126 "http://bleater.com" "Mozilla/5.0 (Windows; U; Windows NT 6.1; rv:2.2) Gecko/20110201"
244.157.45.12 - - [10/Oct/2013:16:26:28] "GET /shifters HTTP/1.0" 200 2801 "-" "Mozilla/5.0 (Windows; U; Windows NT 6.1; rv:2.2) Gecko/20110201"
244.157.45.12 - - [10/Oct/2013:16:30:22] "GET /shifters HTTP/1.0" 200 2997 "http://bestcyclingreviews.com/top_online_shops" "Mozilla/5.0 (Windows NT 5.1; rv:31.0) Gecko/20100101 Firefox/31.0"
198.122.118.164 - - [10/Oct/2013:16:31:32] "GET /saddles HTTP/1.0" 200 3633 "http://bestcyclingreviews.com/top_online_shops" "Mozilla/5.0 (Windows; U; Windows NT 6.1; rv:2.2) Gecko/20110201"
244.157.45.12 - - [10/Oct/2013:16:36:05] "GET /saddles HTTP/1.0" 200 4452 "http://searchengine.com" "Mozilla/4.0 (compatible; MSIE 7.0; Windows NT 6.0)"
237.43.24.118 - - [10/Oct/2013:16:40:44] "GET /wheelsets HTTP/1.0" 200 3940 "http://searchengine.com" "Mozilla/5.0 (Windows NT 5.1; rv:31.0) Gecko/20100101 Firefox/31.0"
16.180.70.237 - - [10/Oct/2013:16:45:41] "GET /handle-bars HTTP/1.0" 200 2726 "http://bleater.com" "Mozilla/5.0 (Macintosh; Intel Mac OS X 10_9_2) AppleWebKit/537.36 (KHTML, like Gecko) Chrome/36.0.1944.0 Safari/537.36"
123.221.14.56 - - [10/Oct/2013:16:46:49] "GET /saddles HTTP/1.0" 200 2056 "http://bestcyclingreviews.com/top_online_shops" "Mozilla/5.0 (Linux; U; Android 2.3.5; en-us; HTC Vision Build/GRI40) AppleWebKit/533.1 (KHTML, like Gecko) Version/4.0 Mobile Safari/533.1"
16.180.70.237 - - [10/Oct/2013:16:50:44] "GET /stems HTTP/1.0" 200 2889 "-" "Mozilla/5.0 (Windows; U; MSIE 9.0; Windows NT 9.0; en-US))"
233.192.62.103 - - [10/Oct/2013:16:53:52] "GET /wheelsets HTTP/1.0" 200 2196 "http://searchengine.com" "Mozilla/5.0 (iPad; CPU OS 6_0 like Mac OS X) AppleWebKit/536.26 (KHTML, like Gecko) Version/6.0 Mobile/10A5355d Safari/8536.25"
233.192.62.103 - - [10/Oct/2013:16:54:36] "GET /wheelsets HTTP/1.0" 200 2694 "http://searchengine.com" "Mozilla/5.0 (iPad; CPU OS 6_0 like Mac OS X) AppleWebKit/536.26 (KHTML, like Gecko) Version/6.0 Mobile/10A5355d Safari/8536.25"
237.43.24.118 - - [10/Oct/2013:16:56:01] "GET /stems HTTP/1.0" 200 2423 "http://searchengine.com" "Mozilla/5.0 (iPad; CPU OS 6_0 like Mac OS X) AppleWebKit/536.26 (KHTML, like Gecko) Version/6.0 Mobile/10A5355d Safari/8536.25"
244.157.45.12 - - [10/Oct/2013:16:57:25] "GET /seatposts HTTP/1.0" 200 4679 "http://searchengine.com" "Mozilla/5.0 (Windows NT 5.1; rv:31.0) Gecko/20100101 Firefox/31.0"
244.157.45.12 - - [10/Oct/2013:16:58:29] "GET /wheelsets HTTP/1.0" 200 2478 "http://www.casualcyclist.com" "Mozilla/5.0 (Macintosh; Intel Mac OS X 10_9_2) AppleWebKit/537.36 (KHTML, like Gecko) Chrome/36.0.1944.0 Safari/537.36"
123.221.14.56 - - [10/Oct/2013:17:01:55] "GET /Store/cart.jsp?productID=1285 HTTP/1.0" 200 2646 "http://bleater.com" "Mozilla/5.0 (Windows; U; MSIE 9.0; Windows NT 9.0; en-US))"
16.180.70.237 - - [10/Oct/2013:17:04:59] "GET /wheelsets HTTP/1.0" 200 3695 "http://bleater.com" "Mozilla/5.0 (iPad; CPU OS 6_0 like Mac OS X) AppleWebKit/536.26 (KHTML, like Gecko) Version/6.0 Mobile/10A5355d Safari/8536.25"
237.43.24.118 - - [10/Oct/2013:17:07:33] "GET /Store/cart.jsp?productID=1003 HTTP/1.0" 200 2563 "http://bestcyclingreviews.com/top_online_shops" "Mozilla/5.0 (Macintosh; Intel Mac OS X 10_9_2) AppleWebKit/537.36 (KHTML, like Gecko) Chrome/36.0.1944.0 Safari/537.36"
244.157.45.12 - - [10/Oct/2013:17:10:49] "GET /seatposts HTTP/1.0" 200 2468 "-" "Mozilla/5.0 (Windows; U; Windows NT 6.1; rv:2.2) Gecko/20110201"
114.214.178.92 - - [10/Oct/2013:17:12:35] "GET /Store/cart.jsp?productID=1295 HTTP/1.0" 200 3503 "http://searchengine.com" "Mozilla/5.0 (Linux; U; Android 2.3.5; en-us; HTC Vision Build/GRI40) AppleWebKit/533.1 (KHTML, like Gecko) Version/4.0 Mobile Safari/533.1"
16.180.70.237 - - [10/Oct/2013:17:15:20] "GET /Store/cart.jsp?productID=1378 HTTP/1.0" 200 2201 "-" "Mozilla/5.0 (iPad; CPU OS 6_0 like Mac OS X) AppleWebKit/536.26 (KHTML, like Gecko) Version/6.0 Mobile/10A5355d Safari/8536.25"
218.193.16.244 - - [10/Oct/2013:17:17:17] "GET /wheelsets HTTP/1.0" 200 3055 "-" "Mozilla/5.0 (Windows; U; Windows NT 6.1; rv:2.2) Gecko/20110201"
237.43.24.118 - - [10/Oct/2013:17:18:43] "GET /handle-bars HTTP/1.0" 200 2834 "http://bestcyclingreviews.com/top_online_shops" "Mozilla/4.0 (compatible; MSIE 7.0; Windows NT 6.0)"
198.122.118.164 - - [10/Oct/2013:17:19:41] "GET /seatposts HTTP/1.0" 200 3088 "http://bestcyclingreviews.com/top_online_shops" "Mozilla/5.0 (Linux; U; Android 2.3.5; en-us; HTC Vision Build/GRI40) AppleWebKit/533.1 (KHTML, like Gecko) Version/4.0 Mobile Safari/533.1"
81.73.150.239 - - [10/Oct/2013:17:20:29] "GET /saddles HTTP/1.0" 200 2364 "http://bestcyclingreviews.com/top_online_shops" "Mozilla/4.0 (compatible; MSIE 7.0; Windows NT 6.0)"
10.182.189.79 - - [10/Oct/2013:17:24:43] "GET /Store/cart.jsp?productID=1303 HTTP/1.0" 200 4632 "http://searchengine.com" "Mozilla/5.0 (Linux; U; Android 2.3.5; en-us; HTC Vision Build/GRI40) AppleWebKit/533.1 (KHTML, like Gecko) Version/4.0 Mobile Safari/533.1"
16.180.70.237 - - [10/Oct/2013:17:27:11] "GET /handle-bars HTTP/1.0" 200 3886 "-" "Mozilla/5.0 (Linux; U; Android 2.3.5; en-us; HTC Vision Build/GRI40) AppleWebKit/533.1 (KHTML, like Gecko) Version/4.0 Mobile Safari/533.1"
218.193.16.244 - - [10/Oct/2013:17:28:50] "GET /wheelsets HTTP/1.0" 200 4711 "http://www.casualcyclist.com" "Mozilla/5.0 (Macintosh; Intel Mac OS X 10_9_2) AppleWebKit/537.36 (KHTML, like Gecko) Chrome/36.0.1944.0 Safari/537.36"
244.157.45.12 - - [10/Oct/2013:17:30:16] "GET /shifters HTTP/1.0" 200 4129 "http://bestcyclingreviews.com/top_online_shops" "Mozilla/5.0 (Windows; U; MSIE 9.0; Windows NT 9.0; en-US))"
81.73.150.239 - - [10/Oct/2013:17:32:20] "GET /shifters HTTP/1.0" 200 3559 "http://bestcyclingreviews.com/top_online_shops" "Mozilla/5.0 (Linux; U; Android 2.3.5; en-us; HTC Vision Build/GRI40) AppleWebKit/533.1 (KHTML, like Gecko) Version/4.0 Mobile Safari/533.1"
10.182.189.79 - - [10/Oct/2013:17:35:21] "GET /wheelsets HTTP/1.0" 200 4955 "http://www.casualcyclist.com" "Mozilla/5.0 (Linux; U; Android 2.3.5; en-us; HTC Vision Build/GRI40) AppleWebKit/533.1 (KHTML, like Gecko) Version/4.0 Mobile Safari/533.1"
123.221.14.56 - - [10/Oct/2013:17:37:10] "GET /stems HTTP/1.0" 200 4134 "http://searchengine.com" "Mozilla/5.0 (Windows NT 5.1; rv:31.0) Gecko/20100101 Firefox/31.0"
81.73.150.239 - - [10/Oct/2013:17:39:07] "GET /forks HTTP/1.0" 200 2091 "http://searchengine.com" "Mozilla/5.0 (Windows; U; MSIE 9.0; Windows NT 9.0; en-US))"
123.221.14.56 - - [10/Oct/2013:17:42:02] "GET /seatposts HTTP/1.0" 200 4600 "http://www.casualcyclist.com" "Mozilla/5.0 (Windows; U; MSIE 9.0; Windows NT 9.0; en-US))"
16.180.70.237 - - [10/Oct/2013:17:45:28] "GET /wheelsets HTTP/1.0" 200 3247 "-" "Mozilla/5.0 (Linux; U; Android 2.3.5; en-us; HTC Vision Build/GRI40) AppleWebKit/533.1 (KHTML, like Gecko) Version/4.0 Mobile Safari/533.1"
123.221.14.56 - - [10/Oct/2013:17:47:56] "GET /shifters HTTP/1.0" 200 3932 "http://bestcyclingreviews.com/top_online_shops" "Mozilla/5.0 (Linux; U; Android 2.3.5; en-us; HTC Vision Build/GRI40) AppleWebKit/533.1 (KHTML, like Gecko) Version/4.0 Mobile Safari/533.1"
237.43.24.118 - - [10/Oct/2013:17:51:55] "GET /handle-bars HTTP/1.0" 200 3274 "http://bestcyclingreviews.com/top_online_shops" "Mozilla/5.0 (Windows; U; Windows NT 6.1; rv:2.2) Gecko/20110201"
81.73.150.239 - - [10/Oct/2013:17:52:33] "GET /saddles HTTP/1.0" 200 4785 "http://searchengine.com" "Mozilla/5.0 (Windows; U; MSIE 9.0; Windows NT 9.0; en-US))"
123.221.14.56 - - [10/Oct/2013:17:53:29] "GET /Store/cart.jsp?productID=1092 HTTP/1.0" 200 4253 "-" "Mozilla/5.0 (Linux; U; Android 2.3.5; en-us; HTC Vision Build/GRI40) AppleWebKit/533.1 (KHTML, like Gecko) Version/4.0 Mobile Safari/533.1"
16.180.70.237 - - [10/Oct/2013:17:55:18] "GET /Store/cart.jsp?productID=1416 HTTP/1.0" 200 2152 "http://searchengine.com" "Mozilla/4.0 (compatible; MSIE 7.0; Windows NT 6.0)"
218.193.16.244 - - [10/Oct/2013:17:56:52] "GET /Store/cart.jsp?productID=1007 HTTP/1.0" 200 4700 "-" "Mozilla/5.0 (Windows; U; Windows NT 6.1; rv:2.2) Gecko/20110201"
123.221.14.56 - - [10/Oct/2013:17:59:41] "GET /saddles HTTP/1.0" 200 4247 "http://www.casualcyclist.com" "Mozilla/5.0 (Linux; U; Android 2.3.5; en-us; HTC Vision Build/GRI40) AppleWebKit/533.1 (KHTML, like Gecko) Version/4.0 Mobile Safari/533.1"
244.157.45.12 - - [10/Oct/2013:18:01:39] "GET /saddles HTTP/1.0" 200 2049 "http://searchengine.com" "Mozilla/4.0 (compatible; MSIE 7.0; Windows NT 6.0)"
237.43.24.118 - - [10/Oct/2013:18:06:33] "GET /forks HTTP/1.0" 200 2752 "http://searchengine.com" "Mozilla/5.0 (Windows NT 5.1; rv:31.0) Gecko/20100101 Firefox/31.0"
81.73.150.239 - - [10/Oct/2013:18:08:37] "GET /forks HTTP/1.0" 200 4841 "-" "Mozilla/5.0 (Windows; U; Windows NT 6.1; rv:2.2) Gecko/20110201"
244.157.45.12 - - [10/Oct/2013:18:09:40] "GET /stems HTTP/1.0" 200 4146 "http://bleater.com" "Mozilla/5.0 (Macintosh; Intel Mac OS X 10_9_2) AppleWebKit/537.36 (KHTML, like Gecko) Chrome/36.0.1944.0 Safari/537.36"
114.214.178.92 - - [10/Oct/2013:18:10:30] "GET /Store/cart.jsp?productID=1272 HTTP/1.0" 200 3635 "http://bleater.com" "Mozilla/5.0 (Linux; U; Android 2.3.5; en-us; HTC Vision Build/GRI40) AppleWebKit/533.1 (KHTML, like Gecko) Version/4.0 Mobile Safari/533.1"
198.122.118.164 - - [10/Oct/2013:18:12:32] "GET /forks HTTP/1.0" 200 2672 "http://bleater.com" "Mozilla/5.0 (Windows NT 5.1; rv:31.0) Gecko/20100101 Firefox/31.0"
16.180.70.237 - - [10/Oct/2013:18:17:25] "GET /saddles HTTP/1.0" 200 4414 "http://bleater.com" "Mozilla/5.0 (Windows; U; MSIE 9.0; Windows NT 9.0; en-US))"
218.193.16.244 - - [10/Oct/2013:18:18:10] "GET /Store/cart.jsp?productID=1123 HTTP/1.0" 200 2812 "http://bleater.com" "Mozilla/4.0 (compatible; MSIE 7.0; Windows NT 6.0)"
198.122.118.164 - - [10/Oct/2013:18:19:17] "GET /forks HTTP/1.0" 200 4121 "http://bleater.com" "Mozilla/5.0 (Macintosh; Intel Mac OS X 10_9_2) AppleWebKit/537.36 (KHTML, like Gecko) Chrome/36.0.1944.0 Safari/537.36"
237.43.24.118 - - [10/Oct/2013:18:22:31] "GET /stems HTTP/1.0" 200 4528 "http://bleater.com" "Mozilla/5.0 (iPad; CPU OS 6_0 like Mac OS X) AppleWebKit/536.26 (KHTML, like Gecko) Version/6.0 Mobile/10A5355d Safari/8536.25"
244.157.45.12 - - [10/Oct/2013:18:24:57] "GET /handle-bars HTTP/1.0" 200 2668 "http://bleater.com" "Mozilla/5.0 (Windows; U; Windows NT 6.1; rv:2.2) Gecko/20110201"
114.214.178.92 - - [10/Oct/2013:18:27:28] "GET /Store/cart.jsp?productID=1272 HTTP/1.0" 200 2711 "-" "Mozilla/5.0 (Windows; U; MSIE 9.0; Windows NT 9.0; en-US))"
114.214.178.92 - - [10/Oct/2013:18:30:09] "GET /wheelsets HTTP/1.0" 200 4259 "http://searchengine.com" "Mozilla/5.0 (Windows; U; Windows NT 6.1; rv:2.2) Gecko/20110201"
198.122.118.164 - - [10/Oct/2013:18:32:47] "GET /saddles HTTP/1.0" 200 2509 "http://bleater.com" "Mozilla/4.0 (compatible; MSIE 7.0; Windows NT 6.0)"
16.180.70.237 - - [10/Oct/2013:18:37:19] "GET /saddles HTTP/1.0" 200 3927 "http://www.casualcyclist.com" "Mozilla/5.0 (Windows; U; Windows NT 6.1; rv:2.2) Gecko/20110201"
16.180.70.237 - - [10/Oct/2013:18:41:30] "GET /forks HTTP/1.0" 200 2103 "http://www.casualcyclist.com" "Mozilla/5.0 (Macintosh; Intel Mac OS X 10_9_2) AppleWebKit/537.36 (KHTML, like Gecko) Chrome/36.0.1944.0 Safari/537.36"
233.192.62.103 - - [10/Oct/2013:18:46:23] "GET /stems HTTP/1.0" 200 2761 "-" "Mozilla/5.0 (Windows NT 5.1; rv:31.0) Gecko/20100101 Firefox/31.0"
114.214.178.92 - - [10/Oct/2013:18:47:24] "GET /wheelsets HTTP/1.0" 200 3487 "http://www.casualcyclist.com" "Mozilla/5.0 (Windows NT 5.1; rv:31.0) Gecko/20100101 Firefox/31.0"
233.192.62.103 - - [10/Oct/2013:18:48:46] "GET /stems HTTP/1.0" 200 2035 "-" "Mozilla/5.0 (Macintosh; Intel Mac OS X 10_9_2) AppleWebKit/537.36 (KHTML, like Gecko) Chrome/36.0.1944.0 Safari/537.36"
244.157.45.12 - - [10/Oct/2013:18:49:42] "GET /wheelsets HTTP/1.0" 200 4839 "http://bestcyclingreviews.com/top_online_shops" "Mozilla/5.0 (iPad; CPU OS 6_0 like Mac OS X) AppleWebKit/536.26 (KHTML, like Gecko) Version/6.0 Mobile/10A5355d Safari/8536.25"
123.221.14.56 - - [10/Oct/2013:18:53:03] "GET /saddles HTTP/1.0" 200 2339 "http://searchengine.com" "Mozilla/5.0 (Macintosh; Intel Mac OS X 10_9_2) AppleWebKit/537.36 (KHTML, like Gecko) Chrome/36.0.1944.0 Safari/537.36"
16.180.70.237 - - [10/Oct/2013:18:56:50] "GET /seatposts HTTP/1.0" 200 2675 "http://searchengine.com" "Mozilla/5.0 (iPad; CPU OS 6_0 like Mac OS X) AppleWebKit/536.26 (KHTML, like Gecko) Version/6.0 Mobile/10A5355d Safari/8536.25"
16.180.70.237 - - [10/Oct/2013:19:00:58] "GET /Store/cart.jsp?productID=1195 HTTP/1.0" 200 4916 "http://bestcyclingreviews.com/top_online_shops" "Mozilla/5.0 (Windows; U; MSIE 9.0; Windows NT 9.0; en-US))"
114.214.178.92 - - [10/Oct/2013:19:04:38] "GET /wheelsets HTTP/1.0" 200 2829 "-" "Mozilla/4.0 (compatible; MSIE 7.0; Windows NT 6.0)"
81.73.150.239 - - [10/Oct/2013:19:06:53] "GET /forks HTTP/1.0" 200 4997 "http://bestcyclingreviews.com/top_online_shops" "Mozilla/4.0 (compatible; MSIE 7.0; Windows NT 6.0)"
198.122.118.164 - - [10/Oct/2013:19:11:33] "GET /handle-bars HTTP/1.0" 200 4848 "-" "Mozilla/4.0 (compatible; MSIE 7.0; Windows NT 6.0)"
16.180.70.237 - - [10/Oct/2013:19:13:59] "GET /seatposts HTTP/1.0" 200 3168 "http://www.casualcyclist.com" "Mozilla/5.0 (iPad; CPU OS 6_0 like Mac OS X) AppleWebKit/536.26 (KHTML, like Gecko) Version/6.0 Mobile/10A5355d Safari/8536.25"
81.73.150.239 - - [10/Oct/2013:19:16:35] "GET /seatposts HTTP/1.0" 200 2821 "http://bleater.com" "Mozilla/4.0 (compatible; MSIE 7.0; Windows NT 6.0)"
233.192.62.103 - - [10/Oct/2013:19:19:58] "GET /forks HTTP/1.0" 200 2051 "http://searchengine.com" "Mozilla/5.0 (Windows; U; MSIE 9.0; Windows NT 9.0; en-US))"
244.157.45.12 - - [10/Oct/2013:19:24:18] "GET /saddles HTTP/1.0" 200 2677 "http://www.casualcyclist.com" "Mozilla/5.0 (Macintosh; Intel Mac OS X 10_9_2) AppleWebKit/537.36 (KHTML, like Gecko) Chrome/36.0.1944.0 Safari/537.36"
237.43.24.118 - - [10/Oct/2013:19:28:41] "GET /shifters HTTP/1.0" 200 4264 "http://bestcyclingreviews.com/top_online_shops" "Mozilla/5.0 (Windows; U; MSIE 9.0; Windows NT 9.0; en-US))"
237.43.24.118 - - [10/Oct/2013:19:31:38] "GET /saddles HTTP/1.0" 200 3070 "http://searchengine.com" "Mozilla/5.0 (Macintosh; Intel Mac OS X 10_9_2) AppleWebKit/537.36 (KHTML, like Gecko) Chrome/36.0.1944.0 Safari/537.36"
114.214.178.92 - - [10/Oct/2013:19:35:12] "GET /seatposts HTTP/1.0" 200 4333 "http://searchengine.com" "Mozilla/5.0 (Linux; U; Android 2.3.5; en-us; HTC Vision Build/GRI40) AppleWebKit/533.1 (KHTML, like Gecko) Version/4.0 Mobile Safari/533.1"
198.122.118.164 - - [10/Oct/2013:19:39:39] "GET /handle-bars HTTP/1.0" 200 3316 "http://www.casualcyclist.com" "Mozilla/5.0 (Windows NT 5.1; rv:31.0) Gecko/20100101 Firefox/31.0"
218.193.16.244 - - [10/Oct/2013:19:42:10] "GET /Store/cart.jsp?productID=1419 HTTP/1.0" 200 2965 "http://searchengine.com" "Mozilla/5.0 (Windows; U; Windows NT 6.1; rv:2.2) Gecko/20110201"
10.182.189.79 - - [10/Oct/2013:19:46:30] "GET /stems HTTP/1.0" 200 3371 "http://searchengine.com" "Mozilla/5.0 (Macintosh; Intel Mac OS X 10_9_2) AppleWebKit/537.36 (KHTML, like Gecko) Chrome/36.0.1944.0 Safari/537.36"
114.214.178.92 - - [10/Oct/2013:19:47:28] "GET /stems HTTP/1.0" 200 2675 "-" "Mozilla/5.0 (Windows; U; Windows NT 6.1; rv:2.2) Gecko/20110201"
233.192.62.103 - - [10/Oct/2013:19:49:24] "GET /Store/cart.jsp?productID=1288 HTTP/1.0" 200 2890 "http://bleater.com" "Mozilla/5.0 (Linux; U; Android 2.3.5; en-us; HTC Vision Build/GRI40) AppleWebKit/533.1 (KHTML, like Gecko) Version/4.0 Mobile Safari/533.1"
233.192.62.103 - - [10/Oct/2013:19:52:34] "GET /forks HTTP/1.0" 200 3535 "http://bleater.com" "Mozilla/4.0 (compatible; MSIE 7.0; Windows NT 6.0)"
123.221.14.56 - - [10/Oct/2013:19:54:15] "GET /handle-bars HTTP/1.0" 200 3663 "http://searchengine.com" "Mozilla/5.0 (Windows; U; Windows NT 6.1; rv:2.2) Gecko/20110201"
114.214.178.92 - - [10/Oct/2013:19:58:32] "GET /stems HTTP/1.0" 200 2135 "http://bleater.com" "Mozilla/5.0 (Windows NT 5.1; rv:31.0) Gecko/20100101 Firefox/31.0"
16.180.70.237 - - [10/Oct/2013:20:01:37] "GET /wheelsets HTTP/1.0" 200 3309 "http://bleater.com" "Mozilla/5.0 (Windows; U; Windows NT 6.1; rv:2.2) Gecko/20110201"
16.180.70.237 - - [10/Oct/2013:20:06:24] "GET /shifters HTTP/1.0" 200 4185 "http://searchengine.com" "Mozilla/5.0 (Macintosh; Intel Mac OS X 10_9_2) AppleWebKit/537.36 (KHTML, like Gecko) Chrome/36.0.1944.0 Safari/537.36"
81.73.150.239 - - [10/Oct/2013:20:08:08] "GET /saddles HTTP/1.0" 200 2126 "http://www.casualcyclist.com" "Mozilla/5.0 (Windows NT 5.1; rv:31.0) Gecko/20100101 Firefox/31.0"
198.122.118.164 - - [10/Oct/2013:20:09:40] "GET /wheelsets HTTP/1.0" 200 2604 "http://www.casualcyclist.com" "Mozilla/5.0 (Windows NT 5.1; rv:31.0) Gecko/20100101 Firefox/31.0"
233.192.62.103 - - [10/Oct/2013:20:11:32] "GET /stems HTTP/1.0" 200 3888 "http://bestcyclingreviews.com/top_online_shops" "Mozilla/5.0 (Linux; U; Android 2.3.5; en-us; HTC Vision Build/GRI40) AppleWebKit/533.1 (KHTML, like Gecko) Version/4.0 Mobile Safari/533.1"
198.122.118.164 - - [10/Oct/2013:20:12:24] "GET /wheelsets HTTP/1.0" 200 2554 "http://www.casualcyclist.com" "Mozilla/5.0 (Windows NT 5.1; rv:31.0) Gecko/20100101 Firefox/31.0"
237.43.24.118 - - [10/Oct/2013:20:14:34] "GET /forks HTTP/1.0" 200 3577 "http://searchengine.com" "Mozilla/5.0 (Macintosh; Intel Mac OS X 10_9_2) AppleWebKit/537.36 (KHTML, like Gecko) Chrome/36.0.1944.0 Safari/537.36"
81.73.150.239 - - [10/Oct/2013:20:18:18] "GET /shifters HTTP/1.0" 200 3743 "http://bleater.com" "Mozilla/5.0 (Windows; U; Windows NT 6.1; rv:2.2) Gecko/20110201"
10.182.189.79 - - [10/Oct/2013:20:22:13] "GET /wheelsets HTTP/1.0" 200 4784 "http://www.casualcyclist.com" "Mozilla/5.0 (Linux; U; Android 2.3.5; en-us; HTC Vision Build/GRI40) AppleWebKit/533.1 (KHTML, like Gecko) Version/4.0 Mobile Safari/533.1"
218.193.16.244 - - [10/Oct/2013:20:23:48] "GET /forks HTTP/1.0" 200 2942 "http://bleater.com" "Mozilla/5.0 (iPad; CPU OS 6_0 like Mac OS X) AppleWebKit/536.26 (KHTML, like Gecko) Version/6.0 Mobile/10A5355d Safari/8536.25"
198.122.118.164 - - [10/Oct/2013:20:26:34] "GET /stems HTTP/1.0" 200 2033 "http://bestcyclingreviews.com/top_online_shops" "Mozilla/5.0 (iPad; CPU OS 6_0 like Mac OS X) AppleWebKit/536.26 (KHTML, like Gecko) Version/6.0 Mobile/10A5355d Safari/8536.25"
244.157.45.12 - - [10/Oct/2013:20:27:30] "GET /stems HTTP/1.0" 200 3340 "http://bestcyclingreviews.com/top_online_shops" "Mozilla/5.0 (Windows NT 5.1; rv:31.0) Gecko/20100101 Firefox/31.0"
237.43.24.118 - - [10/Oct/2013:20:28:20] "GET /Store/cart.jsp?productID=1076 HTTP/1.0" 200 3154 "http://searchengine.com" "Mozilla/5.0 (Windows NT 5.1; rv:31.0) Gecko/20100101 Firefox/31.0"
10.182.189.79 - - [10/Oct/2013:20:29:01] "GET /handle-bars HTTP/1.0" 200 2269 "http://searchengine.com" "Mozilla/5.0 (Windows; U; MSIE 9.0; Windows NT 9.0; en-US))"
123.221.14.56 - - [10/Oct/2013:20:31:23] "GET /stems HTTP/1.0" 200 3278 "http://www.casualcyclist.com" "Mozilla/5.0 (Windows NT 5.1; rv:31.0) Gecko/20100101 Firefox/31.0"
10.182.189.79 - - [10/Oct/2013:20:32:31] "GET /stems HTTP/1.0" 200 2290 "-" "Mozilla/5.0 (Windows; U; Windows NT 6.1; rv:2.2) Gecko/20110201"
114.214.178.92 - - [10/Oct/2013:20:34:36] "GET /Store/cart.jsp?productID=1188 HTTP/1.0" 200 4401 "http://bestcyclingreviews.com/top_online_shops" "Mozilla/5.0 (Windows; U; Windows NT 6.1; rv:2.2) Gecko/20110201"
198.122.118.164 - - [10/Oct/2013:20:38:33] "GET /seatposts HTTP/1.0" 200 3197 "http://bestcyclingreviews.com/top_online_shops" "Mozilla/5.0 (Macintosh; Intel Mac OS X 10_9_2) AppleWebKit/537.36 (KHTML, like Gecko) Chrome/36.0.1944.0 Safari/537.36"
16.180.70.237 - - [10/Oct/2013:20:43:08] "GET /Store/cart.jsp?productID=1102 HTTP/1.0" 200 3753 "http://searchengine.com" "Mozilla/5.0 (Windows; U; MSIE 9.0; Windows NT 9.0; en-US))"
198.122.118.164 - - [10/Oct/2013:20:46:09] "GET /stems HTTP/1.0" 200 2991 "http://bestcyclingreviews.com/top_online_shops" "Mozilla/5.0 (iPad; CPU OS 6_0 like Mac OS X) AppleWebKit/536.26 (KHTML, like Gecko) Version/6.0 Mobile/10A5355d Safari/8536.25"
218.193.16.244 - - [10/Oct/2013:20:50:08] "GET /wheelsets HTTP/1.0" 200 4490 "http://searchengine.com" "Mozilla/5.0 (Windows; U; MSIE 9.0; Windows NT 9.0; en-US))"
244.157.45.12 - - [10/Oct/2013:20:50:47] "GET /saddles HTTP/1.0" 200 2978 "http://bleater.com" "Mozilla/5.0 (iPad; CPU OS 6_0 like Mac OS X) AppleWebKit/536.26 (KHTML, like Gecko) Version/6.0 Mobile/10A5355d Safari/8536.25"
218.193.16.244 - - [10/Oct/2013:20:53:30] "GET /saddles HTTP/1.0" 200 3870 "http://bestcyclingreviews.com/top_online_shops" "Mozilla/5.0 (Windows; U; Windows NT 6.1; rv:2.2) Gecko/20110201"
244.157.45.12 - - [10/Oct/2013:20:56:44] "GET /forks HTTP/1.0" 200 2162 "http://bleater.com" "Mozilla/5.0 (Windows; U; Windows NT 6.1; rv:2.2) Gecko/20110201"
114.214.178.92 - - [10/Oct/2013:20:59:30] "GET /seatposts HTTP/1.0" 200 2654 "http://www.casualcyclist.com" "Mozilla/5.0 (Windows NT 5.1; rv:31.0) Gecko/20100101 Firefox/31.0"
237.43.24.118 - - [10/Oct/2013:21:01:46] "GET /wheelsets HTTP/1.0" 200 2387 "-" "Mozilla/5.0 (Windows NT 5.1; rv:31.0) Gecko/20100101 Firefox/31.0"
81.73.150.239 - - [10/Oct/2013:21:03:37] "GET /Store/cart.jsp?productID=1170 HTTP/1.0" 200 4557 "http://bleater.com" "Mozilla/5.0 (Linux; U; Android 2.3.5; en-us; HTC Vision Build/GRI40) AppleWebKit/533.1 (KHTML, like Gecko) Version/4.0 Mobile Safari/533.1"
218.193.16.244 - - [10/Oct/2013:21:07:57] "GET /shifters HTTP/1.0" 200 3478 "http://searchengine.com" "Mozilla/5.0 (Windows; U; MSIE 9.0; Windows NT 9.0; en-US))"
244.157.45.12 - - [10/Oct/2013:21:10:13] "GET /shifters HTTP/1.0" 200 2072 "http://bleater.com" "Mozilla/5.0 (Linux; U; Android 2.3.5; en-us; HTC Vision Build/GRI40) AppleWebKit/533.1 (KHTML, like Gecko) Version/4.0 Mobile Safari/533.1"
114.214.178.92 - - [10/Oct/2013:21:13:02] "GET /handle-bars HTTP/1.0" 200 2657 "http://bestcyclingreviews.com/top_online_shops" "Mozilla/5.0 (Windows; U; MSIE 9.0; Windows NT 9.0; en-US))"
198.122.118.164 - - [10/Oct/2013:21:14:44] "GET /seatposts HTTP/1.0" 200 4317 "http://bestcyclingreviews.com/top_online_shops" "Mozilla/5.0 (Macintosh; Intel Mac OS X 10_9_2) AppleWebKit/537.36 (KHTML, like Gecko) Chrome/36.0.1944.0 Safari/537.36"
244.157.45.12 - - [10/Oct/2013:21:18:57] "GET /forks HTTP/1.0" 200 4070 "http://bestcyclingreviews.com/top_online_shops" "Mozilla/5.0 (iPad; CPU OS 6_0 like Mac OS X) AppleWebKit/536.26 (KHTML, like Gecko) Version/6.0 Mobile/10A5355d Safari/8536.25"
218.193.16.244 - - [10/Oct/2013:21:22:47] "GET /handle-bars HTTP/1.0" 200 4432 "-" "Mozilla/5.0 (Linux; U; Android 2.3.5; en-us; HTC Vision Build/GRI40) AppleWebKit/533.1 (KHTML, like Gecko) Version/4.0 Mobile Safari/533.1"
123.221.14.56 - - [10/Oct/2013:21:25:08] "GET /wheelsets HTTP/1.0" 200 4127 "-" "Mozilla/5.0 (Windows; U; MSIE 9.0; Windows NT 9.0; en-US))"
10.182.189.79 - - [10/Oct/2013:21:26:48] "GET /handle-bars HTTP/1.0" 200 3281 "http://searchengine.com" "Mozilla/5.0 (Windows; U; Windows NT 6.1; rv:2.2) Gecko/20110201"
114.214.178.92 - - [10/Oct/2013:21:30:31] "GET /shifters HTTP/1.0" 200 4393 "http://bleater.com" "Mozilla/5.0 (Windows; U; Windows NT 6.1; rv:2.2) Gecko/20110201"
237.43.24.118 - - [10/Oct/2013:21:31:23] "GET /forks HTTP/1.0" 200 4344 "http://searchengine.com" "Mozilla/5.0 (Windows; U; MSIE 9.0; Windows NT 9.0; en-US))"
233.192.62.103 - - [10/Oct/2013:21:35:55] "GET /forks HTTP/1.0" 200 2698 "http://bleater.com" "Mozilla/5.0 (Windows; U; Windows NT 6.1; rv:2.2) Gecko/20110201"
198.122.118.164 - - [10/Oct/2013:21:39:21] "GET /wheelsets HTTP/1.0" 200 3865 "http://searchengine.com" "Mozilla/5.0 (Windows; U; Windows NT 6.1; rv:2.2) Gecko/20110201"
10.182.189.79 - - [10/Oct/2013:21:44:17] "GET /wheelsets HTTP/1.0" 200 2425 "http://searchengine.com" "Mozilla/5.0 (Windows; U; Windows NT 6.1; rv:2.2) Gecko/20110201"
81.73.150.239 - - [10/Oct/2013:21:44:49] "GET /wheelsets HTTP/1.0" 200 4916 "http://bleater.com" "Mozilla/5.0 (iPad; CPU OS 6_0 like Mac OS X) AppleWebKit/536.26 (KHTML, like Gecko) Version/6.0 Mobile/10A5355d Safari/8536.25"
244.157.45.12 - - [10/Oct/2013:21:46:38] "GET /seatposts HTTP/1.0" 200 2438 "http://searchengine.com" "Mozilla/5.0 (Windows; U; MSIE 9.0; Windows NT 9.0; en-US))"
81.73.150.239 - - [10/Oct/2013:21:50:14] "GET /wheelsets HTTP/1.0" 200 4106 "http://bestcyclingreviews.com/top_online_shops" "Mozilla/5.0 (Windows; U; Windows NT 6.1; rv:2.2) Gecko/20110201"
233.192.62.103 - - [10/Oct/2013:21:54:56] "GET /shifters HTTP/1.0" 200 3081 "http://bleater.com" "Mozilla/5.0 (Linux; U; Android 2.3.5; en-us; HTC Vision Build/GRI40) AppleWebKit/533.1 (KHTML, like Gecko) Version/4.0 Mobile Safari/533.1"
218.193.16.244 - - [10/Oct/2013:21:55:56] "GET /forks HTTP/1.0" 200 3561 "http://bestcyclingreviews.com/top_online_shops" "Mozilla/4.0 (compatible; MSIE 7.0; Windows NT 6.0)"
233.192.62.103 - - [10/Oct/2013:21:58:44] "GET /wheelsets HTTP/1.0" 200 3107 "http://www.casualcyclist.com" "Mozilla/5.0 (Macintosh; Intel Mac OS X 10_9_2) AppleWebKit/537.36 (KHTML, like Gecko) Chrome/36.0.1944.0 Safari/537.36"
114.214.178.92 - - [10/Oct/2013:22:00:30] "GET /forks HTTP/1.0" 200 3353 "-" "Mozilla/5.0 (Windows NT 5.1; rv:31.0) Gecko/20100101 Firefox/31.0"
16.180.70.237 - - [10/Oct/2013:22:03:59] "GET /wheelsets HTTP/1.0" 200 3002 "http://searchengine.com" "Mozilla/5.0 (iPad; CPU OS 6_0 like Mac OS X) AppleWebKit/536.26 (KHTML, like Gecko) Version/6.0 Mobile/10A5355d Safari/8536.25"
244.157.45.12 - - [10/Oct/2013:22:05:46] "GET /forks HTTP/1.0" 200 3160 "http://bestcyclingreviews.com/top_online_shops" "Mozilla/5.0 (Windows NT 5.1; rv:31.0) Gecko/20100101 Firefox/31.0"
10.182.189.79 - - [10/Oct/2013:22:10:02] "GET /handle-bars HTTP/1.0" 200 4815 "http://searchengine.com" "Mozilla/5.0 (Windows; U; MSIE 9.0; Windows NT 9.0; en-US))"
218.193.16.244 - - [10/Oct/2013:22:15:02] "GET /wheelsets HTTP/1.0" 200 2918 "http://www.casualcyclist.com" "Mozilla/4.0 (compatible; MSIE 7.0; Windows NT 6.0)"
244.157.45.12 - - [10/Oct/2013:22:19:27] "GET /seatposts HTTP/1.0" 200 4274 "http://bleater.com" "Mozilla/5.0 (iPad; CPU OS 6_0 like Mac OS X) AppleWebKit/536.26 (KHTML, like Gecko) Version/6.0 Mobile/10A5355d Safari/8536.25"
237.43.24.118 - - [10/Oct/2013:22:21:46] "GET /saddles HTTP/1.0" 200 3649 "http://searchengine.com" "Mozilla/5.0 (Windows NT 5.1; rv:31.0) Gecko/20100101 Firefox/31.0"
244.157.45.12 - - [10/Oct/2013:22:26:00] "GET /handle-bars HTTP/1.0" 200 3505 "-" "Mozilla/4.0 (compatible; MSIE 7.0; Windows NT 6.0)"
244.157.45.12 - - [10/Oct/2013:22:29:21] "GET /forks HTTP/1.0" 200 2800 "http://bestcyclingreviews.com/top_online_shops" "Mozilla/5.0 (Macintosh; Intel Mac OS X 10_9_2) AppleWebKit/537.36 (KHTML, like Gecko) Chrome/36.0.1944.0 Safari/537.36"
123.221.14.56 - - [10/Oct/2013:22:31:50] "GET /Store/cart.jsp?productID=1352 HTTP/1.0" 200 4011 "-" "Mozilla/5.0 (iPad; CPU OS 6_0 like Mac OS X) AppleWebKit/536.26 (KHTML, like Gecko) Version/6.0 Mobile/10A5355d Safari/8536.25"
114.214.178.92 - - [10/Oct/2013:22:36:27] "GET /handle-bars HTTP/1.0" 200 2888 "-" "Mozilla/5.0 (Macintosh; Intel Mac OS X 10_9_2) AppleWebKit/537.36 (KHTML, like Gecko) Chrome/36.0.1944.0 Safari/537.36"
10.182.189.79 - - [10/Oct/2013:22:41:00] "GET /shifters HTTP/1.0" 200 2787 "http://bestcyclingreviews.com/top_online_shops" "Mozilla/5.0 (iPad; CPU OS 6_0 like Mac OS X) AppleWebKit/536.26 (KHTML, like Gecko) Version/6.0 Mobile/10A5355d Safari/8536.25"
237.43.24.118 - - [10/Oct/2013:22:43:12] "GET /forks HTTP/1.0" 200 2129 "http://searchengine.com" "Mozilla/4.0 (compatible; MSIE 7.0; Windows NT 6.0)"
198.122.118.164 - - [10/Oct/2013:22:46:18] "GET /wheelsets HTTP/1.0" 200 3861 "http://www.casualcyclist.com" "Mozilla/5.0 (Macintosh; Intel Mac OS X 10_9_2) AppleWebKit/537.36 (KHTML, like Gecko) Chrome/36.0.1944.0 Safari/537.36"
81.73.150.239 - - [10/Oct/2013:22:50:04] "GET /forks HTTP/1.0" 200 2720 "http://bestcyclingreviews.com/top_online_shops" "Mozilla/5.0 (Macintosh; Intel Mac OS X 10_9_2) AppleWebKit/537.36 (KHTML, like Gecko) Chrome/36.0.1944.0 Safari/537.36"
81.73.150.239 - - [10/Oct/2013:22:52:08] "GET /wheelsets HTTP/1.0" 200 4132 "http://bestcyclingreviews.com/top_online_shops" "Mozilla/4.0 (compatible; MSIE 7.0; Windows NT 6.0)"
