10.182.189.79 - - [10/Oct/2013:00:01:26] "GET /seatposts HTTP/1.0" 200 4011 "http://searchengine.com" "Mozilla/5.0 (Macintosh; Intel Mac OS X 10_9_2) AppleWebKit/537.36 (KHTML, like Gecko) Chrome/36.0.1944.0 Safari/537.36"
16.180.70.237 - - [10/Oct/2013:00:04:47] "GET /saddles HTTP/1.0" 200 4434 "http://bestcyclingreviews.com/top_online_shops" "Mozilla/5.0 (Linux; U; Android 2.3.5; en-us; HTC Vision Build/GRI40) AppleWebKit/533.1 (KHTML, like Gecko) Version/4.0 Mobile Safari/533.1"
198.122.118.164 - - [10/Oct/2013:00:09:04] "GET /handle-bars HTTP/1.0" 200 3547 "-" "Mozilla/5.0 (Windows NT 5.1; rv:31.0) Gecko/20100101 Firefox/31.0"
114.214.178.92 - - [10/Oct/2013:00:13:52] "GET /shifters HTTP/1.0" 200 3777 "http://www.casualcyclist.com" "Mozilla/5.0 (Linux; U; Android 2.3.5; en-us; HTC Vision Build/GRI40) AppleWebKit/533.1 (KHTML, like Gecko) Version/4.0 Mobile Safari/533.1"
198.122.118.164 - - [10/Oct/2013:00:18:47] "GET /shifters HTTP/1.0" 200 2528 "http://bestcyclingreviews.com/top_online_shops" "Mozilla/5.0 (Macintosh; Intel Mac OS X 10_9_2) AppleWebKit/537.36 (KHTML, like Gecko) Chrome/36.0.1944.0 Safari/537.36"
237.43.24.118 - - [10/Oct/2013:00:21:15] "GET /Store/cart.jsp?productID=1495 HTTP/1.0" 200 3306 "http://bestcyclingreviews.com/top_online_shops" "Mozilla/5.0 (Windows NT 5.1; rv:31.0) Gecko/20100101 Firefox/31.0"
198.122.118.164 - - [10/Oct/2013:00:26:12] "GET /seatposts HTTP/1.0" 200 2414 "http://bleater.com" "Mozilla/5.0 (Windows; U; MSIE 9.0; Windows NT 9.0; en-US))"
237.43.24.118 - - [10/Oct/2013:00:30:14] "GET /seatposts HTTP/1.0" 200 2424 "-" "Mozilla/5.0 (Linux; U; Android 2.3.5; en-us; HTC Vision Build/GRI40) AppleWebKit/533.1 (KHTML, like Gecko) Version/4.0 Mobile Safari/533.1"
81.73.150.239 - - [10/Oct/2013:00:33:46] "GET /shifters HTTP/1.0" 200 3123 "http://bleater.com" "Mozilla/5.0 (Linux; U; Android 2.3.5; en-us; HTC Vision Build/GRI40) AppleWebKit/533.1 (KHTML, like Gecko) Version/4.0 Mobile Safari/533.1"
198.122.118.164 - - [10/Oct/2013:00:37:41] "GET /forks HTTP/1.0" 200 4025 "http://www.casualcyclist.com" "Mozilla/5.0 (Linux; U; Android 2.3.5; en-us; HTC Vision Build/GRI40) AppleWebKit/533.1 (KHTML, like Gecko) Version/4.0 Mobile Safari/533.1"
244.157.45.12 - - [10/Oct/2013:00:40:32] "GET /saddles HTTP/1.0" 200 2684 "http://www.casualcyclist.com" "Mozilla/5.0 (Windows NT 5.1; rv:31.0) Gecko/20100101 Firefox/31.0"
198.122.118.164 - - [10/Oct/2013:00:42:37] "GET /wheelsets HTTP/1.0" 200 2985 "http://bleater.com" "Mozilla/5.0 (Windows; U; MSIE 9.0; Windows NT 9.0; en-US))"
198.122.118.164 - - [10/Oct/2013:00:44:17] "GET /seatposts HTTP/1.0" 200 4403 "http://bleater.com" "Mozilla/5.0 (iPad; CPU OS 6_0 like Mac OS X) AppleWebKit/536.26 (KHTML, like Gecko) Version/6.0 Mobile/10A5355d Safari/8536.25"
114.214.178.92 - - [10/Oct/2013:00:47:46] "GET /shifters HTTP/1.0" 200 4783 "http://bleater.com" "Mozilla/4.0 (compatible; MSIE 7.0; Windows NT 6.0)"
123.221.14.56 - - [10/Oct/2013:00:50:52] "GET /stems HTTP/1.0" 200 2392 "http://bestcyclingreviews.com/top_online_shops" "Mozilla/5.0 (Windows; U; MSIE 9.0; Windows NT 9.0; en-US))"
114.214.178.92 - - [10/Oct/2013:00:53:30] "GET /seatposts HTTP/1.0" 200 2840 "http://searchengine.com" "Mozilla/5.0 (Linux; U; Android 2.3.5; en-us; HTC Vision Build/GRI40) AppleWebKit/533.1 (KHTML, like Gecko) Version/4.0 Mobile Safari/533.1"
16.180.70.237 - - [10/Oct/2013:00:54:44] "GET /seatposts HTTP/1.0" 200 2506 "http://bleater.com" "Mozilla/5.0 (Windows; U; MSIE 9.0; Windows NT 9.0; en-US))"
233.192.62.103 - - [10/Oct/2013:00:58:23] "GET /wheelsets HTTP/1.0" 200 2769 "http://bestcyclingreviews.com/top_online_shops" "Mozilla/5.0 (Linux; U; Android 2.3.5; en-us; HTC Vision Build/GRI40) AppleWebKit/533.1 (KHTML, like Gecko) Version/4.0 Mobile Safari/533.1"
81.73.150.239 - - [10/Oct/2013:01:03:17] "GET /forks HTTP/1.0" 200 4857 "http://searchengine.com" "Mozilla/5.0 (Windows; U; Windows NT 6.1; rv:2.2) Gecko/20110201"
16.180.70.237 - - [10/Oct/2013:01:06:36] "GET /shifters HTTP/1.0" 200 2899 "http://www.casualcyclist.com" "Mozilla/5.0 (Macintosh; Intel Mac OS X 10_9_2) AppleWebKit/537.36 (KHTML, like Gecko) Chrome/36.0.1944.0 Safari/537.36"
233.192.62.103 - - [10/Oct/2013:01:08:38] "GET /seatposts HTTP/1.0" 200 4509 "http://searchengine.com" "Mozilla/5.0 (Macintosh; Intel Mac OS X 10_9_2) AppleWebKit/537.36 (KHTML, like Gecko) Chrome/36.0.1944.0 Safari/537.36"
244.157.45.12 - - [10/Oct/2013:01:13:29] "GET /handle-bars HTTP/1.0" 200 3027 "http://bleater.com" "Mozilla/5.0 (iPad; CPU OS 6_0 like Mac OS X) AppleWebKit/536.26 (KHTML, like Gecko) Version/6.0 Mobile/10A5355d Safari/8536.25"
16.180.70.237 - - [10/Oct/2013:01:14:46] "GET /handle-bars HTTP/1.0" 200 4913 "http://www.casualcyclist.com" "Mozilla/4.0 (compatible; MSIE 7.0; Windows NT 6.0)"
81.73.150.239 - - [10/Oct/2013:01:16:32] "GET /stems HTTP/1.0" 200 4200 "http://bleater.com" "Mozilla/5.0 (Windows; U; Windows NT 6.1; rv:2.2) Gecko/20110201"
218.193.16.244 - - [10/Oct/2013:01:17:59] "GET /Store/cart.jsp?productID=1042 HTTP/1.0" 200 2614 "http://bleater.com" "Mozilla/5.0 (Linux; U; Android 2.3.5; en-us; HTC Vision Build/GRI40) AppleWebKit/533.1 (KHTML, like Gecko) Version/4.0 Mobile Safari/533.1"
114.214.178.92 - - [10/Oct/2013:01:22:18] "GET /Store/cart.jsp?productID=1336 HTTP/1.0" 200 3204 "http://bestcyclingreviews.com/top_online_shops" "Mozilla/5.0 (iPad; CPU OS 6_0 like Mac OS X) AppleWebKit/536.26 (KHTML, like Gecko) Version/6.0 Mobile/10A5355d Safari/8536.25"
114.214.178.92 - - [10/Oct/2013:01:26:23] "GET /forks HTTP/1.0" 200 4408 "http://bestcyclingreviews.com/top_online_shops" "Mozilla/5.0 (Windows NT 5.1; rv:31.0) Gecko/20100101 Firefox/31.0"
198.122.118.164 - - [10/Oct/2013:01:28:38] "GET /handle-bars HTTP/1.0" 200 3947 "-" "Mozilla/5.0 (Windows; U; MSIE 9.0; Windows NT 9.0; en-US))"
244.157.45.12 - - [10/Oct/2013:01:29:13] "GET /seatposts HTTP/1.0" 200 2106 "http://bleater.com" "Mozilla/5.0 (Windows NT 5.1; rv:31.0) Gecko/20100101 Firefox/31.0"
16.180.70.237 - - [10/Oct/2013:01:32:58] "GET /handle-bars HTTP/1.0" 200 2235 "http://www.casualcyclist.com" "Mozilla/5.0 (Windows; U; MSIE 9.0; Windows NT 9.0; en-US))"
114.214.178.92 - - [10/Oct/2013:01:34:23] "GET /Store/cart.jsp?productID=1242 HTTP/1.0" 200 4429 "http://www.casualcyclist.com" "Mozilla/5.0 (Windows; U; Windows NT 6.1; rv:2.2) Gecko/20110201"
244.157.45.12 - - [10/Oct/2013:01:36:28] "GET /stems HTTP/1.0" 200 4895 "http://searchengine.com" "Mozilla/4.0 (compatible; MSIE 7.0; Windows NT 6.0)"
114.214.178.92 - - [10/Oct/2013:01:38:07] "GET /shifters HTTP/1.0" 200 4592 "http://www.casualcyclist.com" "Mozilla/5.0 (Macintosh; Intel Mac OS X 10_9_2) AppleWebKit/537.36 (KHTML, like Gecko) Chrome/36.0.1944.0 Safari/537.36"
198.122.118.164 - - [10/Oct/2013:01:39:01] "GET /seatposts HTTP/1.0" 200 2929 "http://www.casualcyclist.com" "Mozilla/5.0 (Linux; U; Android 2.3.5; en-us; HTC Vision Build/GRI40) AppleWebKit/533.1 (KHTML, like Gecko) Version/4.0 Mobile Safari/533.1"
237.43.24.118 - - [10/Oct/2013:01:43:26] "GET /saddles HTTP/1.0" 200 4064 "http://bleater.com" "Mozilla/5.0 (Windows; U; Windows NT 6.1; rv:2.2) Gecko/20110201"
233.192.62.103 - - [10/Oct/2013:01:44:25] "GET /wheelsets HTTP/1.0" 200 4458 "http://bestcyclingreviews.com/top_online_shops" "Mozilla/5.0 (Macintosh; Intel Mac OS X 10_9_2) AppleWebKit/537.36 (KHTML, like Gecko) Chrome/36.0.1944.0 Safari/537.36"
233.192.62.103 - - [10/Oct/2013:01:48:42] "GET /stems HTTP/1.0" 200 3205 "http://searchengine.com" "Mozilla/4.0 (compatible; MSIE 7.0; Windows NT 6.0)"
123.221.14.56 - - [10/Oct/2013:01:52:50] "GET /wheelsets HTTP/1.0" 200 4691 "http://www.casualcyclist.com" "Mozilla/5.0 (Windows; U; Windows NT 6.1; rv:2.2) Gecko/20110201"
81.73.150.239 - - [10/Oct/2013:01:55:54] "GET /Store/cart.jsp?productID=1324 HTTP/1.0" 200 3334 "http://bestcyclingreviews.com/top_online_shops" "Mozilla/5.0 (Windows NT 5.1; rv:31.0) Gecko/20100101 Firefox/31.0"
10.182.189.79 - - [10/Oct/2013:01:59:52] "GET /shifters HTTP/1.0" 200 3929 "http://www.casualcyclist.com" "Mozilla/4.0 (compatible; MSIE 7.0; Windows NT 6.0)"
114.214.178.92 - - [10/Oct/2013:02:01:55] "GET /saddles HTTP/1.0" 200 4876 "http://searchengine.com" "Mozilla/4.0 (compatible; MSIE 7.0; Windows NT 6.0)"
16.180.70.237 - - [10/Oct/2013:02:04:52] "GET /stems HTTP/1.0" 200 4601 "-" "Mozilla/5.0 (iPad; CPU OS 6_0 like Mac OS X) AppleWebKit/536.26 (KHTML, like Gecko) Version/6.0 Mobile/10A5355d Safari/8536.25"
123.221.14.56 - - [10/Oct/2013:02:06:40] "GET /seatposts HTTP/1.0" 200 4355 "-" "Mozilla/4.0 (compatible; MSIE 7.0; Windows NT 6.0)"
198.122.118.164 - - [10/Oct/2013:02:11:09] "GET /seatposts HTTP/1.0" 200 4921 "http://www.casualcyclist.com" "Mozilla/5.0 (iPad; CPU OS 6_0 like Mac OS X) AppleWebKit/536.26 (KHTML, like Gecko) Version/6.0 Mobile/10A5355d Safari/8536.25"
233.192.62.103 - - [10/Oct/2013:02:13:32] "GET /forks HTTP/1.0" 200 2470 "http://bestcyclingreviews.com/top_online_shops" "Mozilla/4.0 (compatible; MSIE 7.0; Windows NT 6.0)"
123.221.14.56 - - [10/Oct/2013:02:17:57] "GET /seatposts HTTP/1.0" 200 4133 "http://searchengine.com" "Mozilla/5.0 (Windows NT 5.1; rv:31.0) Gecko/20100101 Firefox/31.0"
114.214.178.92 - - [10/Oct/2013:02:22:40] "GET /saddles HTTP/1.0" 200 4437 "http://searchengine.com" "Mozilla/5.0 (Windows; U; Windows NT 6.1; rv:2.2) Gecko/20110201"
237.43.24.118 - - [10/Oct/2013:02:26:01] "GET /shifters HTTP/1.0" 200 3259 "http://www.casualcyclist.com" "Mozilla/5.0 (Macintosh; Intel Mac OS X 10_9_2) AppleWebKit/537.36 (KHTML, like Gecko) Chrome/36.0.1944.0 Safari/537.36"
81.73.150.239 - - [10/Oct/2013:02:30:26] "GET /stems HTTP/1.0" 200 3816 "http://www.casualcyclist.com" "Mozilla/5.0 (Windows NT 5.1; rv:31.0) Gecko/20100101 Firefox/31.0"
16.180.70.237 - - [10/Oct/2013:02:32:12] "GET /seatposts HTTP/1.0" 200 4911 "http://bleater.com" "Mozilla/4.0 (compatible; MSIE 7.0; Windows NT 6.0)"
198.122.118.164 - - [10/Oct/2013:02:33:32] "GET /wheelsets HTTP/1.0" 200 4740 "http://searchengine.com" "Mozilla/5.0 (Linux; U; Android 2.3.5; en-us; HTC Vision Build/GRI40) AppleWebKit/533.1 (KHTML, like Gecko) Version/4.0 Mobile Safari/533.1"
81.73.150.239 - - [10/Oct/2013:02:38:21] "GET /forks HTTP/1.0" 200 2152 "http://bestcyclingreviews.com/top_online_shops" "Mozilla/5.0 (Windows; U; Windows NT 6.1; rv:2.2) Gecko/20110201"
16.180.70.237 - - [10/Oct/2013:02:39:41] "GET /forks HTTP/1.0" 200 4531 "http://bleater.com" "Mozilla/5.0 (Windows NT 5.1; rv:31.0) Gecko/20100101 Firefox/31.0"
233.192.62.103 - - [10/Oct/2013:02:40:42] "GET /forks HTTP/1.0" 200 3672 "http://bleater.com" "Mozilla/5.0 (Windows NT 5.1; rv:31.0) Gecko/20100101 Firefox/31.0"
16.180.70.237 - - [10/Oct/2013:02:42:37] "GET /saddles HTTP/1.0" 200 4584 "-" "Mozilla/5.0 (Windows NT 5.1; rv:31.0) Gecko/20100101 Firefox/31.0"
81.73.150.239 - - [10/Oct/2013:02:44:01] "GET /handle-bars HTTP/1.0" 200 2373 "http://searchengine.com" "Mozilla/5.0 (Windows; U; Windows NT 6.1; rv:2.2) Gecko/20110201"
81.73.150.239 - - [10/Oct/2013:02:47:15] "GET /Store/cart.jsp?productID=1471 HTTP/1.0" 200 2576 "http://www.casualcyclist.com" "Mozilla/5.0 (Windows NT 5.1; rv:31.0) Gecko/20100101 Firefox/31.0"
244.157.45.12 - - [10/Oct/2013:02:52:02] "GET /shifters HTTP/1.0" 200 3668 "http://www.casualcyclist.com" "Mozilla/5.0 (Macintosh; Intel Mac OS X 10_9_2) AppleWebKit/537.36 (KHTML, like Gecko) Chrome/36.0.1944.0 Safari/537.36"
244.157.45.12 - - [10/Oct/2013:02:53:11] "GET /shifters HTTP/1.0" 200 3444 "http://bleater.com" "Mozilla/5.0 (iPad; CPU OS 6_0 like Mac OS X) AppleWebKit/536.26 (KHTML, like Gecko) Version/6.0 Mobile/10A5355d Safari/8536.25"
16.180.70.237 - - [10/Oct/2013:02:57:17] "GET /saddles HTTP/1.0" 200 4215 "http://bestcyclingreviews.com/top_online_shops" "Mozilla/5.0 (Windows NT 5.1; rv:31.0) Gecko/20100101 Firefox/31.0"
81.73.150.239 - - [10/Oct/2013:03:00:21] "GET /forks HTTP/1.0" 200 4230 "-" "Mozilla/5.0 (Linux; U; Android 2.3.5; en-us; HTC Vision Build/GRI40) AppleWebKit/533.1 (KHTML, like Gecko) Version/4.0 Mobile Safari/533.1"
237.43.24.118 - - [10/Oct/2013:03:00:51] "GET /Store/cart.jsp?productID=1027 HTTP/1.0" 200 2306 "-" "Mozilla/5.0 (iPad; CPU OS 6_0 like Mac OS X) AppleWebKit/536.26 (KHTML, like Gecko) Version/6.0 Mobile/10A5355d Safari/8536.25"
123.221.14.56 - - [10/Oct/2013:03:05:25] "GET /saddles HTTP/1.0" 200 3025 "http://searchengine.com" "Mozilla/5.0 (Windows NT 5.1; rv:31.0) Gecko/20100101 Firefox/31.0"
114.214.178.92 - - [10/Oct/2013:03:10:07] "GET /forks HTTP/1.0" 200 3378 "-" "Mozilla/5.0 (Linux; U; Android 2.3.5; en-us; HTC Vision Build/GRI40) AppleWebKit/533.1 (KHTML, like Gecko) Version/4.0 Mobile Safari/533.1"
198.122.118.164 - - [10/Oct/2013:03:10:44] "GET /seatposts HTTP/1.0" 200 4613 "http://bestcyclingreviews.com/top_online_shops" "Mozilla/5.0 (Windows NT 5.1; rv:31.0) Gecko/20100101 Firefox/31.0"
233.192.62.103 - - [10/Oct/2013:03:14:13] "GET /forks HTTP/1.0" 200 2017 "http://bleater.com" "Mozilla/5.0 (Windows NT 5.1; rv:31.0) Gecko/20100101 Firefox/31.0"
10.182.189.79 - - [10/Oct/2013:03:17:54] "GET /forks HTTP/1.0" 200 3525 "http://searchengine.com" "Mozilla/5.0 (Windows; U; MSIE 9.0; Windows NT 9.0; en-US))"
237.43.24.118 - - [10/Oct/2013:03:19:07] "GET /shifters HTTP/1.0" 200 2738 "http://searchengine.com" "Mozilla/5.0 (Windows NT 5.1; rv:31.0) Gecko/20100101 Firefox/31.0"
237.43.24.118 - - [10/Oct/2013:03:23:44] "GET /shifters HTTP/1.0" 200 2689 "-" "Mozilla/5.0 (Windows; U; Windows NT 6.1; rv:2.2) Gecko/20110201"
16.180.70.237 - - [10/Oct/2013:03:26:14] "GET /shifters HTTP/1.0" 200 4960 "http://www.casualcyclist.com" "Mozilla/5.0 (Macintosh; Intel Mac OS X 10_9_2) AppleWebKit/537.36 (KHTML, like Gecko) Chrome/36.0.1944.0 Safari/537.36"
244.157.45.12 - - [10/Oct/2013:03:30:17] "GET /forks HTTP/1.0" 200 2899 "-" "Mozilla/5.0 (Windows; U; Windows NT 6.1; rv:2.2) Gecko/20110201"
244.157.45.12 - - [10/Oct/2013:03:31:58] "GET /handle-bars HTTP/1.0" 200 4377 "-" "Mozilla/5.0 (Windows NT 5.1; rv:31.0) Gecko/20100101 Firefox/31.0"
218.193.16.244 - - [10/Oct/2013:03:34:15] "GET /forks HTTP/1.0" 200 2084 "http://bleater.com" "Mozilla/4.0 (compatible; MSIE 7.0; Windows NT 6.0)"
218.193.16.244 - - [10/Oct/2013:03:38:06] "GET /saddles HTTP/1.0" 200 4132 "http://searchengine.com" "Mozilla/5.0 (Windows; U; Windows NT 6.1; rv:2.2) Gecko/20110201"
81.73.150.239 - - [10/Oct/2013:03:39:46] "GET /wheelsets HTTP/1.0" 200 2703 "-" "Mozilla/5.0 (Windows; U; MSIE 9.0; Windows NT 9.0; en-US))"
16.180.70.237 - - [10/Oct/2013:03:43:43] "GET /forks HTTP/1.0" 200 2882 "http://searchengine.com" "Mozilla/5.0 (Macintosh; Intel Mac OS X 10_9_2) AppleWebKit/537.36 (KHTML, like Gecko) Chrome/36.0.1944.0 Safari/537.36"
237.43.24.118 - - [10/Oct/2013:03:47:16] "GET /stems HTTP/1.0" 200 4921 "http://bestcyclingreviews.com/top_online_shops" "Mozilla/5.0 (Windows; U; Windows NT 6.1; rv:2.2) Gecko/20110201"
81.73.150.239 - - [10/Oct/2013:03:48:11] "GET /Store/cart.jsp?productID=1205 HTTP/1.0" 200 3302 "http://bestcyclingreviews.com/top_online_shops" "Mozilla/5.0 (iPad; CPU OS 6_0 like Mac OS X) AppleWebKit/536.26 (KHTML, like Gecko) Version/6.0 Mobile/10A5355d Safari/8536.25"
218.193.16.244 - - [10/Oct/2013:03:49:28] "GET /stems HTTP/1.0" 200 3509 "-" "Mozilla/5.0 (Linux; U; Android 2.3.5; en-us; HTC Vision Build/GRI40) AppleWebKit/533.1 (KHTML, like Gecko) Version/4.0 Mobile Safari/533.1"
123.221.14.56 - - [10/Oct/2013:03:52:39] "GET /stems HTTP/1.0" 200 2021 "-" "Mozilla/4.0 (compatible; MSIE 7.0; Windows NT 6.0)"
10.182.189.79 - - [10/Oct/2013:03:54:16] "GET /saddles HTTP/1.0" 200 2352 "http://bestcyclingreviews.com/top_online_shops" "Mozilla/5.0 (Windows; U; MSIE 9.0; Windows NT 9.0; en-US))"
81.73.150.239 - - [10/Oct/2013:03:56:24] "GET /stems HTTP/1.0" 200 3667 "http://bleater.com" "Mozilla/5.0 (Windows; U; Windows NT 6.1; rv:2.2) Gecko/20110201"
114.214.178.92 - - [10/Oct/2013:03:59:30] "GET /Store/cart.jsp?productID=1410 HTTP/1.0" 200 3438 "-" "Mozilla/5.0 (iPad; CPU OS 6_0 like Mac OS X) AppleWebKit/536.26 (KHTML, like Gecko) Version/6.0 Mobile/10A5355d Safari/8536.25"
198.122.118.164 - - [10/Oct/2013:04:03:00] "GET /saddles HTTP/1.0" 200 4372 "http://searchengine.com" "Mozilla/4.0 (compatible; MSIE 7.0; Windows NT 6.0)"
244.157.45.12 - - [10/Oct/2013:04:05:30] "GET /shifters HTTP/1.0" 200 4303 "http://www.casualcyclist.com" "Mozilla/5.0 (Windows NT 5.1; rv:31.0) Gecko/20100101 Firefox/31.0"
218.193.16.244 - - [10/Oct/2013:04:08:12] "GET /shifters HTTP/1.0" 200 4929 "http://www.casualcyclist.com" "Mozilla/5.0 (Windows NT 5.1; rv:31.0) Gecko/20100101 Firefox/31.0"
233.192.62.103 - - [10/Oct/2013:04:11:29] "GET /shifters HTTP/1.0" 200 3975 "http://searchengine.com" "Mozilla/5.0 (iPad; CPU OS 6_0 like Mac OS X) AppleWebKit/536.26 (KHTML, like Gecko) Version/6.0 Mobile/10A5355d Safari/8536.25"
244.157.45.12 - - [10/Oct/2013:04:13:34] "GET /shifters HTTP/1.0" 200 4232 "http://bestcyclingreviews.com/top_online_shops" "Mozilla/5.0 (Windows NT 5.1; rv:31.0) Gecko/20100101 Firefox/31.0"
244.157.45.12 - - [10/Oct/2013:04:17:08] "GET /shifters HTTP/1.0" 200 4904 "http://searchengine.com" "Mozilla/5.0 (Macintosh; Intel Mac OS X 10_9_2) AppleWebKit/537.36 (KHTML, like Gecko) Chrome/36.0.1944.0 Safari/537.36"
81.73.150.239 - - [10/Oct/2013:04:21:42] "GET /wheelsets HTTP/1.0" 200 4847 "http://bleater.com" "Mozilla/5.0 (Windows; U; Windows NT 6.1; rv:2.2) Gecko/20110201"
81.73.150.239 - - [10/Oct/2013:04:25:51] "GET /wheelsets HTTP/1.0" 200 4718 "http://bleater.com" "Mozilla/5.0 (Linux; U; Android 2.3.5; en-us; HTC Vision Build/GRI40) AppleWebKit/533.1 (KHTML, like Gecko) Version/4.0 Mobile Safari/533.1"
123.221.14.56 - - [10/Oct/2013:04:27:53] "GET /stems HTTP/1.0" 200 2861 "-" "Mozilla/5.0 (Windows; U; MSIE 9.0; Windows NT 9.0; en-US))"
198.122.118.164 - - [10/Oct/2013:04:29:31] "GET /seatposts HTTP/1.0" 200 3329 "http://www.casualcyclist.com" "Mozilla/5.0 (Windows NT 5.1; rv:31.0) Gecko/20100101 Firefox/31.0"
16.180.70.237 - - [10/Oct/2013:04:31:41] "GET /shifters HTTP/1.0" 200 2095 "http://bestcyclingreviews.com/top_online_shops" "Mozilla/4.0 (compatible; MSIE 7.0; Windows NT 6.0)"
123.221.14.56 - - [10/Oct/2013:04:34:23] "GET /stems HTTP/1.0" 200 4126 "http://bleater.com" "Mozilla/5.0 (iPad; CPU OS 6_0 like Mac OS X) AppleWebKit/536.26 (KHTML, like Gecko) Version/6.0 Mobile/10A5355d Safari/8536.25"
114.214.178.92 - - [10/Oct/2013:04:35:38] "GET /seatposts HTTP/1.0" 200 2178 "-" "Mozilla/5.0 (Windows; U; MSIE 9.0; Windows NT 9.0; en-US))"
233.192.62.103 - - [10/Oct/2013:04:37:34] "GET /Store/cart.jsp?productID=1015 HTTP/1.0" 200 4871 "http://bestcyclingreviews.com/top_online_shops" "Mozilla/5.0 (Macintosh; Intel Mac OS X 10_9_2) AppleWebKit/537.36 (KHTML, like Gecko) Chrome/36.0.1944.0 Safari/537.36"
10.182.189.79 - - [10/Oct/2013:04:42:02] "GET /forks HTTP/1.0" 200 3297 "http://www.casualcyclist.com" "Mozilla/4.0 (compatible; MSIE 7.0; Windows NT 6.0)"
114.214.178.92 - - [10/Oct/2013:04:46:32] "GET /wheelsets HTTP/1.0" 200 4686 "-" "Mozilla/5.0 (Windows NT 5.1; rv:31.0) Gecko/20100101 Firefox/31.0"
16.180.70.237 - - [10/Oct/2013:04:49:21] "GET /shifters HTTP/1.0" 200 3244 "http://searchengine.com" "Mozilla/5.0 (Linux; U; Android 2.3.5; en-us; HTC Vision Build/GRI40) AppleWebKit/533.1 (KHTML, like Gecko) Version/4.0 Mobile Safari/533.1"
237.43.24.118 - - [10/Oct/2013:04:50:40] "GET /handle-bars HTTP/1.0" 200 3213 "http://bleater.com" "Mozilla/4.0 (compatible; MSIE 7.0; Windows NT 6.0)"
233.192.62.103 - - [10/Oct/2013:04:53:43] "GET /stems HTTP/1.0" 200 3531 "http://bestcyclingreviews.com/top_online_shops" "Mozilla/5.0 (Windows; U; MSIE 9.0; Windows NT 9.0; en-US))"
81.73.150.239 - - [10/Oct/2013:04:55:55] "GET /wheelsets HTTP/1.0" 200 3105 "http://searchengine.com" "Mozilla/5.0 (Windows; U; Windows NT 6.1; rv:2.2) Gecko/20110201"
218.193.16.244 - - [10/Oct/2013:05:00:21] "GET /forks HTTP/1.0" 200 3674 "http://bestcyclingreviews.com/top_online_shops" "Mozilla/5.0 (Windows; U; MSIE 9.0; Windows NT 9.0; en-US))"
233.192.62.103 - - [10/Oct/2013:05:01:51] "GET /stems HTTP/1.0" 200 2221 "http://searchengine.com" "Mozilla/5.0 (iPad; CPU OS 6_0 like Mac OS X) AppleWebKit/536.26 (KHTML, like Gecko) Version/6.0 Mobile/10A5355d Safari/8536.25"
237.43.24.118 - - [10/Oct/2013:05:04:31] "GET /wheelsets HTTP/1.0" 200 3704 "-" "Mozilla/5.0 (iPad; CPU OS 6_0 like Mac OS X) AppleWebKit/536.26 (KHTML, like Gecko) Version/6.0 Mobile/10A5355d Safari/8536.25"
198.122.118.164 - - [10/Oct/2013:05:06:25] "GET /handle-bars HTTP/1.0" 200 3076 "-" "Mozilla/5.0 (Linux; U; Android 2.3.5; en-us; HTC Vision Build/GRI40) AppleWebKit/533.1 (KHTML, like Gecko) Version/4.0 Mobile Safari/533.1"
114.214.178.92 - - [10/Oct/2013:05:07:26] "GET /forks HTTP/1.0" 200 2080 "http://bleater.com" "Mozilla/5.0 (Windows NT 5.1; rv:31.0) Gecko/20100101 Firefox/31.0"
81.73.150.239 - - [10/Oct/2013:05:08:38] "GET /seatposts HTTP/1.0" 200 2948 "http://bleater.com" "Mozilla/5.0 (Windows; U; Windows NT 6.1; rv:2.2) Gecko/20110201"
244.157.45.12 - - [10/Oct/2013:05:10:45] "GET /wheelsets HTTP/1.0" 200 3624 "-" "Mozilla/5.0 (iPad; CPU OS 6_0 like Mac OS X) AppleWebKit/536.26 (KHTML, like Gecko) Version/6.0 Mobile/10A5355d Safari/8536.25"
16.180.70.237 - - [10/Oct/2013:05:13:50] "GET /shifters HTTP/1.0" 200 2304 "http://searchengine.com" "Mozilla/5.0 (Windows; U; MSIE 9.0; Windows NT 9.0; en-US))"
237.43.24.118 - - [10/Oct/2013:05:18:30] "GET /saddles HTTP/1.0" 200 3357 "http://www.casualcyclist.com" "Mozilla/5.0 (Macintosh; Intel Mac OS X 10_9_2) AppleWebKit/537.36 (KHTML, like Gecko) Chrome/36.0.1944.0 Safari/537.36"
198.122.118.164 - - [10/Oct/2013:05:23:18] "GET /shifters HTTP/1.0" 200 3522 "http://searchengine.com" "Mozilla/5.0 (Windows; U; MSIE 9.0; Windows NT 9.0; en-US))"
81.73.150.239 - - [10/Oct/2013:05:25:44] "GET /handle-bars HTTP/1.0" 200 2495 "http://www.casualcyclist.com" "Mozilla/5.0 (Windows; U; MSIE 9.0; Windows NT 9.0; en-US))"
114.214.178.92 - - [10/Oct/2013:05:28:32] "GET /seatposts HTTP/1.0" 200 3751 "http://bleater.com" "Mozilla/4.0 (compatible; MSIE 7.0; Windows NT 6.0)"
198.122.118.164 - - [10/Oct/2013:05:30:19] "GET /seatposts HTTP/1.0" 200 3156 "http://www.casualcyclist.com" "Mozilla/5.0 (Linux; U; Android 2.3.5; en-us; HTC Vision Build/GRI40) AppleWebKit/533.1 (KHTML, like Gecko) Version/4.0 Mobile Safari/533.1"
233.192.62.103 - - [10/Oct/2013:05:32:37] "GET /handle-bars HTTP/1.0" 200 2980 "http://bestcyclingreviews.com/top_online_shops" "Mozilla/5.0 (Macintosh; Intel Mac OS X 10_9_2) AppleWebKit/537.36 (KHTML, like Gecko) Chrome/36.0.1944.0 Safari/537.36"
218.193.16.244 - - [10/Oct/2013:05:33:39] "GET /wheelsets HTTP/1.0" 200 4719 "http://www.casualcyclist.com" "Mozilla/5.0 (Macintosh; Intel Mac OS X 10_9_2) AppleWebKit/537.36 (KHTML, like Gecko) Chrome/36.0.1944.0 Safari/537.36"
123.221.14.56 - - [10/Oct/2013:05:36:48] "GET /saddles HTTP/1.0" 200 4766 "http://bestcyclingreviews.com/top_online_shops" "Mozilla/5.0 (Windows; U; Windows NT 6.1; rv:2.2) Gecko/20110201"
237.43.24.118 - - [10/Oct/2013:05:37:34] "GET /forks HTTP/1.0" 200 2468 "http://bleater.com" "Mozilla/5.0 (Windows; U; Windows NT 6.1; rv:2.2) Gecko/20110201"
244.157.45.12 - - [10/Oct/2013:05:41:21] "GET /shifters HTTP/1.0" 200 4631 "http://searchengine.com" "Mozilla/5.0 (iPad; CPU OS 6_0 like Mac OS X) AppleWebKit/536.26 (KHTML, like Gecko) Version/6.0 Mobile/10A5355d Safari/8536.25"
237.43.24.118 - - [10/Oct/2013:05:46:09] "GET /handle-bars HTTP/1.0" 200 3049 "http://bleater.com" "Mozilla/5.0 (Windows; U; MSIE 9.0; Windows NT 9.0; en-US))"
10.182.189.79 - - [10/Oct/2013:05:49:25] "GET /wheelsets HTTP/1.0" 200 2431 "http://bestcyclingreviews.com/top_online_shops" "Mozilla/5.0 (Macintosh; Intel Mac OS X 10_9_2) AppleWebKit/537.36 (KHTML, like Gecko) Chrome/36.0.1944.0 Safari/537.36"
237.43.24.118 - - [10/Oct/2013:05:51:29] "GET /wheelsets HTTP/1.0" 200 4828 "-" "Mozilla/5.0 (Macintosh; Intel Mac OS X 10_9_2) AppleWebKit/537.36 (KHTML, like Gecko) Chrome/36.0.1944.0 Safari/537.36"
114.214.178.92 - - [10/Oct/2013:05:55:27] "GET /stems HTTP/1.0" 200 2290 "http://www.casualcyclist.com" "Mozilla/5.0 (iPad; CPU OS 6_0 like Mac OS X) AppleWebKit/536.26 (KHTML, like Gecko) Version/6.0 Mobile/10A5355d Safari/8536.25"
198.122.118.164 - - [10/Oct/2013:06:00:08] "GET /Store/cart.jsp?productID=1449 HTTP/1.0" 200 4723 "-" "Mozilla/4.0 (compatible; MSIE 7.0; Windows NT 6.0)"
218.193.16.244 - - [10/Oct/2013:06:04:43] "GET /wheelsets HTTP/1.0" 200 2190 "-" "Mozilla/5.0 (Windows; U; MSIE 9.0; Windows NT 9.0; en-US))"
10.182.189.79 - - [10/Oct/2013:06:05:51] "GET /seatposts HTTP/1.0" 200 4770 "http://www.casualcyclist.com" "Mozilla/5.0 (iPad; CPU OS 6_0 like Mac OS X) AppleWebKit/536.26 (KHTML, like Gecko) Version/6.0 Mobile/10A5355d Safari/8536.25"
81.73.150.239 - - [10/Oct/2013:06:09:51] "GET /forks HTTP/1.0" 200 3280 "-" "Mozilla/5.0 (Windows NT 5.1; rv:31.0) Gecko/20100101 Firefox/31.0"
114.214.178.92 - - [10/Oct/2013:06:10:45] "GET /forks HTTP/1.0" 200 4489 "http://bestcyclingreviews.com/top_online_shops" "Mozilla/5.0 (Windows; U; MSIE 9.0; Windows NT 9.0; en-US))"
244.157.45.12 - - [10/Oct/2013:06:11:27] "GET /Store/cart.jsp?productID=1329 HTTP/1.0" 200 3344 "-" "Mozilla/4.0 (compatible; MSIE 7.0; Windows NT 6.0)"
10.182.189.79 - - [10/Oct/2013:06:13:55] "GET /wheelsets HTTP/1.0" 200 4167 "http://bleater.com" "Mozilla/5.0 (Macintosh; Intel Mac OS X 10_9_2) AppleWebKit/537.36 (KHTML, like Gecko) Chrome/36.0.1944.0 Safari/537.36"
244.157.45.12 - - [10/Oct/2013:06:18:53] "GET /seatposts HTTP/1.0" 200 3447 "http://www.casualcyclist.com" "Mozilla/5.0 (Macintosh; Intel Mac OS X 10_9_2) AppleWebKit/537.36 (KHTML, like Gecko) Chrome/36.0.1944.0 Safari/537.36"
16.180.70.237 - - [10/Oct/2013:06:23:07] "GET /Store/cart.jsp?productID=1071 HTTP/1.0" 200 3055 "-" "Mozilla/5.0 (iPad; CPU OS 6_0 like Mac OS X) AppleWebKit/536.26 (KHTML, like Gecko) Version/6.0 Mobile/10A5355d Safari/8536.25"
244.157.45.12 - - [10/Oct/2013:06:26:17] "GET /saddles HTTP/1.0" 200 2363 "http://www.casualcyclist.com" "Mozilla/4.0 (compatible; MSIE 7.0; Windows NT 6.0)"
244.157.45.12 - - [10/Oct/2013:06:28:54] "GET /wheelsets HTTP/1.0" 200 4410 "-" "Mozilla/5.0 (Windows; U; Windows NT 6.1; rv:2.2) Gecko/20110201"
16.180.70.237 - - [10/Oct/2013:06:29:27] "GET /stems HTTP/1.0" 200 3715 "-" "Mozilla/5.0 (Macintosh; Intel Mac OS X 10_9_2) AppleWebKit/537.36 (KHTML, like Gecko) Chrome/36.0.1944.0 Safari/537.36"
244.157.45.12 - - [10/Oct/2013:06:32:38] "GET /saddles HTTP/1.0" 200 2571 "-" "Mozilla/5.0 (Macintosh; Intel Mac OS X 10_9_2) AppleWebKit/537.36 (KHTML, like Gecko) Chrome/36.0.1944.0 Safari/537.36"
237.43.24.118 - - [10/Oct/2013:06:35:26] "GET /shifters HTTP/1.0" 200 3699 "http://www.casualcyclist.com" "Mozilla/5.0 (Macintosh; Intel Mac OS X 10_9_2) AppleWebKit/537.36 (KHTML, like Gecko) Chrome/36.0.1944.0 Safari/537.36"
123.221.14.56 - - [10/Oct/2013:06:39:32] "GET /forks HTTP/1.0" 200 3986 "http://bleater.com" "Mozilla/5.0 (iPad; CPU OS 6_0 like Mac OS X) AppleWebKit/536.26 (KHTML, like Gecko) Version/6.0 Mobile/10A5355d Safari/8536.25"
81.73.150.239 - - [10/Oct/2013:06:43:35] "GET /Store/cart.jsp?productID=1398 HTTP/1.0" 200 3628 "http://bestcyclingreviews.com/top_online_shops" "Mozilla/5.0 (Windows NT 5.1; rv:31.0) Gecko/20100101 Firefox/31.0"
10.182.189.79 - - [10/Oct/2013:06:47:27] "GET /handle-bars HTTP/1.0" 200 2987 "http://bestcyclingreviews.com/top_online_shops" "Mozilla/5.0 (Windows; U; Windows NT 6.1; rv:2.2) Gecko/20110201"
10.182.189.79 - - [10/Oct/2013:06:50:20] "GET /wheelsets HTTP/1.0" 200 2723 "http://bestcyclingreviews.com/top_online_shops" "Mozilla/5.0 (Macintosh; Intel Mac OS X 10_9_2) AppleWebKit/537.36 (KHTML, like Gecko) Chrome/36.0.1944.0 Safari/537.36"
81.73.150.239 - - [10/Oct/2013:06:51:04] "GET /shifters HTTP/1.0" 200 4813 "http://www.casualcyclist.com" "Mozilla/4.0 (compatible; MSIE 7.0; Windows NT 6.0)"
123.221.14.56 - - [10/Oct/2013:06:55:54] "GET /saddles HTTP/1.0" 200 4820 "http://www.casualcyclist.com" "Mozilla/5.0 (iPad; CPU OS 6_0 like Mac OS X) AppleWebKit/536.26 (KHTML, like Gecko) Version/6.0 Mobile/10A5355d Safari/8536.25"
218.193.16.244 - - [10/Oct/2013:06:56:33] "GET /saddles HTTP/1.0" 200 3037 "-" "Mozilla/5.0 (Windows NT 5.1; rv:31.0) Gecko/20100101 Firefox/31.0"
123.221.14.56 - - [10/Oct/2013:06:57:05] "GET /wheelsets HTTP/1.0" 200 3900 "http://www.casualcyclist.com" "Mozilla/4.0 (compatible; MSIE 7.0; Windows NT 6.0)"
123.221.14.56 - - [10/Oct/2013:06:58:43] "GET /wheelsets HTTP/1.0" 200 4955 "http://searchengine.com" "Mozilla/5.0 (Windows; U; MSIE 9.0; Windows NT 9.0; en-US))"
233.192.62.103 - - [10/Oct/2013:06:59:50] "GET /stems HTTP/1.0" 200 3636 "http://www.casualcyclist.com" "Mozilla/5.0 (Windows; U; MSIE 9.0; Windows NT 9.0; en-US))"
244.157.45.12 - - [10/Oct/2013:07:00:37] "GET /forks HTTP/1.0" 200 2891 "http://bestcyclingreviews.com/top_online_shops" "Mozilla/5.0 (Linux; U; Android 2.3.5; en-us; HTC Vision Build/GRI40) AppleWebKit/533.1 (KHTML, like Gecko) Version/4.0 Mobile Safari/533.1"
244.157.45.12 - - [10/Oct/2013:07:02:51] "GET /shifters HTTP/1.0" 200 2380 "http://searchengine.com" "Mozilla/5.0 (Windows; U; Windows NT 6.1; rv:2.2) Gecko/20110201"
198.122.118.164 - - [10/Oct/2013:07:05:24] "GET /Store/cart.jsp?productID=1408 HTTP/1.0" 200 3367 "http://bestcyclingreviews.com/top_online_shops" "Mozilla/5.0 (Windows NT 5.1; rv:31.0) Gecko/20100101 Firefox/31.0"
198.122.118.164 - - [10/Oct/2013:07:09:14] "GET /seatposts HTTP/1.0" 200 2927 "-" "Mozilla/5.0 (Windows; U; Windows NT 6.1; rv:2.2) Gecko/20110201"
218.193.16.244 - - [10/Oct/2013:07:13:20] "GET /saddles HTTP/1.0" 200 2091 "http://www.casualcyclist.com" "Mozilla/5.0 (Linux; U; Android 2.3.5; en-us; HTC Vision Build/GRI40) AppleWebKit/533.1 (KHTML, like Gecko) Version/4.0 Mobile Safari/533.1"
218.193.16.244 - - [10/Oct/2013:07:14:39] "GET /seatposts HTTP/1.0" 200 4755 "-" "Mozilla/5.0 (Windows; U; Windows NT 6.1; rv:2.2) Gecko/20110201"
114.214.178.92 - - [10/Oct/2013:07:15:10] "GET /handle-bars HTTP/1.0" 200 3527 "-" "Mozilla/5.0 (Macintosh; Intel Mac OS X 10_9_2) AppleWebKit/537.36 (KHTML, like Gecko) Chrome/36.0.1944.0 Safari/537.36"
237.43.24.118 - - [10/Oct/2013:07:16:19] "GET /stems HTTP/1.0" 200 2975 "http://bleater.com" "Mozilla/5.0 (Linux; U; Android 2.3.5; en-us; HTC Vision Build/GRI40) AppleWebKit/533.1 (KHTML, like Gecko) Version/4.0 Mobile Safari/533.1"
10.182.189.79 - - [10/Oct/2013:07:17:24] "GET /shifters HTTP/1.0" 200 3532 "http://searchengine.com" "Mozilla/5.0 (Macintosh; Intel Mac OS X 10_9_2) AppleWebKit/537.36 (KHTML, like Gecko) Chrome/36.0.1944.0 Safari/537.36"
16.180.70.237 - - [10/Oct/2013:07:22:02] "GET /shifters HTTP/1.0" 200 2579 "http://searchengine.com" "Mozilla/4.0 (compatible; MSIE 7.0; Windows NT 6.0)"
198.122.118.164 - - [10/Oct/2013:07:24:03] "GET /handle-bars HTTP/1.0" 200 3170 "http://bleater.com" "Mozilla/4.0 (compatible; MSIE 7.0; Windows NT 6.0)"
218.193.16.244 - - [10/Oct/2013:07:25:25] "GET /handle-bars HTTP/1.0" 200 3196 "http://bleater.com" "Mozilla/5.0 (Windows; U; MSIE 9.0; Windows NT 9.0; en-US))"
198.122.118.164 - - [10/Oct/2013:07:30:20] "GET /wheelsets HTTP/1.0" 200 3765 "http://searchengine.com" "Mozilla/5.0 (Windows; U; Windows NT 6.1; rv:2.2) Gecko/20110201"
233.192.62.103 - - [10/Oct/2013:07:32:50] "GET /forks HTTP/1.0" 200 3351 "http://searchengine.com" "Mozilla/5.0 (Windows NT 5.1; rv:31.0) Gecko/20100101 Firefox/31.0"
218.193.16.244 - - [10/Oct/2013:07:34:46] "GET /saddles HTTP/1.0" 200 3566 "http://bestcyclingreviews.com/top_online_shops" "Mozilla/4.0 (compatible; MSIE 7.0; Windows NT 6.0)"
233.192.62.103 - - [10/Oct/2013:07:36:56] "GET /wheelsets HTTP/1.0" 200 2584 "http://www.casualcyclist.com" "Mozilla/4.0 (compatible; MSIE 7.0; Windows NT 6.0)"
233.192.62.103 - - [10/Oct/2013:07:39:10] "GET /forks HTTP/1.0" 200 3996 "-" "Mozilla/5.0 (Windows NT 5.1; rv:31.0) Gecko/20100101 Firefox/31.0"
81.73.150.239 - - [10/Oct/2013:07:41:26] "GET /forks HTTP/1.0" 200 4995 "http://bestcyclingreviews.com/top_online_shops" "Mozilla/5.0 (Windows; U; Windows NT 6.1; rv:2.2) Gecko/20110201"
244.157.45.12 - - [10/Oct/2013:07:45:56] "GET /stems HTTP/1.0" 200 4868 "http://bleater.com" "Mozilla/5.0 (Windows; U; MSIE 9.0; Windows NT 9.0; en-US))"
244.157.45.12 - - [10/Oct/2013:07:48:48] "GET /handle-bars HTTP/1.0" 200 4902 "http://www.casualcyclist.com" "Mozilla/5.0 (Windows NT 5.1; rv:31.0) Gecko/20100101 Firefox/31.0"
198.122.118.164 - - [10/Oct/2013:07:52:14] "GET /stems HTTP/1.0" 200 2240 "http://bleater.com" "Mozilla/5.0 (Windows; U; Windows NT 6.1; rv:2.2) Gecko/20110201"
198.122.118.164 - - [10/Oct/2013:07:55:34] "GET /stems HTTP/1.0" 200 4574 "http://bleater.com" "Mozilla/5.0 (Windows; U; Windows NT 6.1; rv:2.2) Gecko/20110201"
10.182.189.79 - - [10/Oct/2013:07:59:13] "GET /handle-bars HTTP/1.0" 200 4996 "http://www.casualcyclist.com" "Mozilla/5.0 (Linux; U; Android 2.3.5; en-us; HTC Vision Build/GRI40) AppleWebKit/533.1 (KHTML, like Gecko) Version/4.0 Mobile Safari/533.1"
114.214.178.92 - - [10/Oct/2013:08:00:50] "GET /shifters HTTP/1.0" 200 2230 "http://bleater.com" "Mozilla/4.0 (compatible; MSIE 7.0; Windows NT 6.0)"
237.43.24.118 - - [10/Oct/2013:08:02:40] "GET /seatposts HTTP/1.0" 200 4030 "http://www.casualcyclist.com" "Mozilla/5.0 (Windows NT 5.1; rv:31.0) Gecko/20100101 Firefox/31.0"
10.182.189.79 - - [10/Oct/2013:08:03:54] "GET /handle-bars HTTP/1.0" 200 4680 "http://bestcyclingreviews.com/top_online_shops" "Mozilla/5.0 (Linux; U; Android 2.3.5; en-us; HTC Vision Build/GRI40) AppleWebKit/533.1 (KHTML, like Gecko) Version/4.0 Mobile Safari/533.1"
218.193.16.244 - - [10/Oct/2013:08:07:51] "GET /shifters HTTP/1.0" 200 4032 "-" "Mozilla/4.0 (compatible; MSIE 7.0; Windows NT 6.0)"
218.193.16.244 - - [10/Oct/2013:08:09:36] "GET /stems HTTP/1.0" 200 4079 "http://bleater.com" "Mozilla/5.0 (Linux; U; Android 2.3.5; en-us; HTC Vision Build/GRI40) AppleWebKit/533.1 (KHTML, like Gecko) Version/4.0 Mobile Safari/533.1"
10.182.189.79 - - [10/Oct/2013:08:12:51] "GET /handle-bars HTTP/1.0" 200 4119 "http://www.casualcyclist.com" "Mozilla/5.0 (Macintosh; Intel Mac OS X 10_9_2) AppleWebKit/537.36 (KHTML, like Gecko) Chrome/36.0.1944.0 Safari/537.36"
237.43.24.118 - - [10/Oct/2013:08:14:22] "GET /seatposts HTTP/1.0" 200 3202 "http://searchengine.com" "Mozilla/5.0 (Linux; U; Android 2.3.5; en-us; HTC Vision Build/GRI40) AppleWebKit/533.1 (KHTML, like Gecko) Version/4.0 Mobile Safari/533.1"
198.122.118.164 - - [10/Oct/2013:08:16:57] "GET /saddles HTTP/1.0" 200 3703 "http://www.casualcyclist.com" "Mozilla/5.0 (Linux; U; Android 2.3.5; en-us; HTC Vision Build/GRI40) AppleWebKit/533.1 (KHTML, like Gecko) Version/4.0 Mobile Safari/533.1"
233.192.62.103 - - [10/Oct/2013:08:17:55] "GET /seatposts HTTP/1.0" 200 2334 "http://searchengine.com" "Mozilla/5.0 (Windows; U; Windows NT 6.1; rv:2.2) Gecko/20110201"
123.221.14.56 - - [10/Oct/2013:08:19:34] "GET /stems HTTP/1.0" 200 2983 "http://searchengine.com" "Mozilla/4.0 (compatible; MSIE 7.0; Windows NT 6.0)"
123.221.14.56 - - [10/Oct/2013:08:22:53] "GET /forks HTTP/1.0" 200 3679 "http://www.casualcyclist.com" "Mozilla/5.0 (Windows NT 5.1; rv:31.0) Gecko/20100101 Firefox/31.0"
81.73.150.239 - - [10/Oct/2013:08:25:39] "GET /saddles HTTP/1.0" 200 2782 "http://bestcyclingreviews.com/top_online_shops" "Mozilla/5.0 (Macintosh; Intel Mac OS X 10_9_2) AppleWebKit/537.36 (KHTML, like Gecko) Chrome/36.0.1944.0 Safari/537.36"
244.157.45.12 - - [10/Oct/2013:08:28:31] "GET /wheelsets HTTP/1.0" 200 4319 "http://www.casualcyclist.com" "Mozilla/4.0 (compatible; MSIE 7.0; Windows NT 6.0)"
218.193.16.244 - - [10/Oct/2013:08:31:19] "GET /forks HTTP/1.0" 200 4976 "http://bestcyclingreviews.com/top_online_shops" "Mozilla/5.0 (Windows NT 5.1; rv:31.0) Gecko/20100101 Firefox/31.0"
81.73.150.239 - - [10/Oct/2013:08:31:54] "GET /forks HTTP/1.0" 200 2547 "http://searchengine.com" "Mozilla/5.0 (Macintosh; Intel Mac OS X 10_9_2) AppleWebKit/537.36 (KHTML, like Gecko) Chrome/36.0.1944.0 Safari/537.36"
10.182.189.79 - - [10/Oct/2013:08:33:30] "GET /wheelsets HTTP/1.0" 200 3055 "http://www.casualcyclist.com" "Mozilla/5.0 (Linux; U; Android 2.3.5; en-us; HTC Vision Build/GRI40) AppleWebKit/533.1 (KHTML, like Gecko) Version/4.0 Mobile Safari/533.1"
114.214.178.92 - - [10/Oct/2013:08:37:47] "GET /seatposts HTTP/1.0" 200 4914 "http://bleater.com" "Mozilla/4.0 (compatible; MSIE 7.0; Windows NT 6.0)"
123.221.14.56 - - [10/Oct/2013:08:41:35] "GET /Store/cart.jsp?productID=1386 HTTP/1.0" 200 4002 "-" "Mozilla/5.0 (iPad; CPU OS 6_0 like Mac OS X) AppleWebKit/536.26 (KHTML, like Gecko) Version/6.0 Mobile/10A5355d Safari/8536.25"
114.214.178.92 - - [10/Oct/2013:08:45:01] "GET /forks HTTP/1.0" 200 2067 "http://www.casualcyclist.com" "Mozilla/5.0 (Linux; U; Android 2.3.5; en-us; HTC Vision Build/GRI40) AppleWebKit/533.1 (KHTML, like Gecko) Version/4.0 Mobile Safari/533.1"
233.192.62.103 - - [10/Oct/2013:08:47:50] "GET /wheelsets HTTP/1.0" 200 2825 "http://bestcyclingreviews.com/top_online_shops" "Mozilla/5.0 (iPad; CPU OS 6_0 like Mac OS X) AppleWebKit/536.26 (KHTML, like Gecko) Version/6.0 Mobile/10A5355d Safari/8536.25"
218.193.16.244 - - [10/Oct/2013:08:50:22] "GET /saddles HTTP/1.0" 200 2874 "http://bleater.com" "Mozilla/5.0 (Linux; U; Android 2.3.5; en-us; HTC Vision Build/GRI40) AppleWebKit/533.1 (KHTML, like Gecko) Version/4.0 Mobile Safari/533.1"
233.192.62.103 - - [10/Oct/2013:08:54:50] "GET /shifters HTTP/1.0" 200 2601 "http://www.casualcyclist.com" "Mozilla/5.0 (iPad; CPU OS 6_0 like Mac OS X) AppleWebKit/536.26 (KHTML, like Gecko) Version/6.0 Mobile/10A5355d Safari/8536.25"
233.192.62.103 - - [10/Oct/2013:08:56:51] "GET /stems HTTP/1.0" 200 2392 "http://searchengine.com" "Mozilla/5.0 (Windows; U; Windows NT 6.1; rv:2.2) Gecko/20110201"
16.180.70.237 - - [10/Oct/2013:08:59:25] "GET /saddles HTTP/1.0" 200 2953 "http://bleater.com" "Mozilla/5.0 (Windows NT 5.1; rv:31.0) Gecko/20100101 Firefox/31.0"
81.73.150.239 - - [10/Oct/2013:09:02:24] "GET /Store/cart.jsp?productID=1372 HTTP/1.0" 200 3707 "-" "Mozilla/5.0 (Windows; U; MSIE 9.0; Windows NT 9.0; en-US))"
81.73.150.239 - - [10/Oct/2013:09:04:37] "GET /Store/cart.jsp?productID=1376 HTTP/1.0" 200 2605 "-" "Mozilla/5.0 (iPad; CPU OS 6_0 like Mac OS X) AppleWebKit/536.26 (KHTML, like Gecko) Version/6.0 Mobile/10A5355d Safari/8536.25"
244.157.45.12 - - [10/Oct/2013:09:06:23] "GET /wheelsets HTTP/1.0" 200 2137 "http://www.casualcyclist.com" "Mozilla/5.0 (Macintosh; Intel Mac OS X 10_9_2) AppleWebKit/537.36 (KHTML, like Gecko) Chrome/36.0.1944.0 Safari/537.36"
244.157.45.12 - - [10/Oct/2013:09:09:53] "GET /shifters HTTP/1.0" 200 4593 "http://searchengine.com" "Mozilla/5.0 (Macintosh; Intel Mac OS X 10_9_2) AppleWebKit/537.36 (KHTML, like Gecko) Chrome/36.0.1944.0 Safari/537.36"
81.73.150.239 - - [10/Oct/2013:09:12:32] "GET /Store/cart.jsp?productID=1129 HTTP/1.0" 200 4884 "http://bleater.com" "Mozilla/5.0 (Windows NT 5.1; rv:31.0) Gecko/20100101 Firefox/31.0"
123.221.14.56 - - [10/Oct/2013:09:15:41] "GET /shifters HTTP/1.0" 200 2094 "http://bleater.com" "Mozilla/5.0 (Windows; U; MSIE 9.0; Windows NT 9.0; en-US))"
218.193.16.244 - - [10/Oct/2013:09:20:41] "GET /stems HTTP/1.0" 200 4163 "http://searchengine.com" "Mozilla/5.0 (Windows; U; Windows NT 6.1; rv:2.2) Gecko/20110201"
123.221.14.56 - - [10/Oct/2013:09:24:31] "GET /shifters HTTP/1.0" 200 4251 "http://bleater.com" "Mozilla/5.0 (Windows; U; MSIE 9.0; Windows NT 9.0; en-US))"
10.182.189.79 - - [10/Oct/2013:09:25:20] "GET /seatposts HTTP/1.0" 200 2184 "http://www.casualcyclist.com" "Mozilla/5.0 (Macintosh; Intel Mac OS X 10_9_2) AppleWebKit/537.36 (KHTML, like Gecko) Chrome/36.0.1944.0 Safari/537.36"
198.122.118.164 - - [10/Oct/2013:09:29:31] "GET /seatposts HTTP/1.0" 200 4248 "http://bestcyclingreviews.com/top_online_shops" "Mozilla/4.0 (compatible; MSIE 7.0; Windows NT 6.0)"
10.182.189.79 - - [10/Oct/2013:09:32:31] "GET /wheelsets HTTP/1.0" 200 4429 "-" "Mozilla/4.0 (compatible; MSIE 7.0; Windows NT 6.0)"
123.221.14.56 - - [10/Oct/2013:09:35:37] "GET /handle-bars HTTP/1.0" 200 2250 "http://searchengine.com" "Mozilla/4.0 (compatible; MSIE 7.0; Windows NT 6.0)"
114.214.178.92 - - [10/Oct/2013:09:39:25] "GET /saddles HTTP/1.0" 200 2162 "-" "Mozilla/4.0 (compatible; MSIE 7.0; Windows NT 6.0)"
237.43.24.118 - - [10/Oct/2013:09:42:25] "GET /shifters HTTP/1.0" 200 4097 "http://bleater.com" "Mozilla/5.0 (Windows NT 5.1; rv:31.0) Gecko/20100101 Firefox/31.0"
114.214.178.92 - - [10/Oct/2013:09:44:39] "GET /seatposts HTTP/1.0" 200 3098 "http://bleater.com" "Mozilla/5.0 (Macintosh; Intel Mac OS X 10_9_2) AppleWebKit/537.36 (KHTML, like Gecko) Chrome/36.0.1944.0 Safari/537.36"
10.182.189.79 - - [10/Oct/2013:09:45:15] "GET /wheelsets HTTP/1.0" 200 3483 "http://www.casualcyclist.com" "Mozilla/4.0 (compatible; MSIE 7.0; Windows NT 6.0)"
123.221.14.56 - - [10/Oct/2013:09:48:06] "GET /saddles HTTP/1.0" 200 3529 "http://www.casualcyclist.com" "Mozilla/5.0 (Linux; U; Android 2.3.5; en-us; HTC Vision Build/GRI40) AppleWebKit/533.1 (KHTML, like Gecko) Version/4.0 Mobile Safari/533.1"
233.192.62.103 - - [10/Oct/2013:09:49:13] "GET /forks HTTP/1.0" 200 2971 "-" "Mozilla/5.0 (Windows NT 5.1; rv:31.0) Gecko/20100101 Firefox/31.0"
198.122.118.164 - - [10/Oct/2013:09:51:45] "GET /shifters HTTP/1.0" 200 2858 "http://bleater.com" "Mozilla/5.0 (Windows; U; Windows NT 6.1; rv:2.2) Gecko/20110201"
244.157.45.12 - - [10/Oct/2013:09:53:43] "GET /seatposts HTTP/1.0" 200 3253 "http://searchengine.com" "Mozilla/5.0 (Windows; U; Windows NT 6.1; rv:2.2) Gecko/20110201"
237.43.24.118 - - [10/Oct/2013:09:57:39] "GET /saddles HTTP/1.0" 200 2497 "http://searchengine.com" "Mozilla/5.0 (Linux; U; Android 2.3.5; en-us; HTC Vision Build/GRI40) AppleWebKit/533.1 (KHTML, like Gecko) Version/4.0 Mobile Safari/533.1"
81.73.150.239 - - [10/Oct/2013:10:01:49] "GET /wheelsets HTTP/1.0" 200 2907 "http://bestcyclingreviews.com/top_online_shops" "Mozilla/5.0 (iPad; CPU OS 6_0 like Mac OS X) AppleWebKit/536.26 (KHTML, like Gecko) Version/6.0 Mobile/10A5355d Safari/8536.25"
16.180.70.237 - - [10/Oct/2013:10:04:48] "GET /shifters HTTP/1.0" 200 3232 "-" "Mozilla/5.0 (Macintosh; Intel Mac OS X 10_9_2) AppleWebKit/537.36 (KHTML, like Gecko) Chrome/36.0.1944.0 Safari/537.36"
233.192.62.103 - - [10/Oct/2013:10:09:30] "GET /stems HTTP/1.0" 200 3197 "http://searchengine.com" "Mozilla/5.0 (Macintosh; Intel Mac OS X 10_9_2) AppleWebKit/537.36 (KHTML, like Gecko) Chrome/36.0.1944.0 Safari/537.36"
237.43.24.118 - - [10/Oct/2013:10:13:46] "GET /shifters HTTP/1.0" 200 3065 "http://bleater.com" "Mozilla/4.0 (compatible; MSIE 7.0; Windows NT 6.0)"
114.214.178.92 - - [10/Oct/2013:10:15:47] "GET /Store/cart.jsp?productID=1106 HTTP/1.0" 200 2491 "http://searchengine.com" "Mozilla/5.0 (Windows NT 5.1; rv:31.0) Gecko/20100101 Firefox/31.0"
123.221.14.56 - - [10/Oct/2013:10:18:53] "GET /forks HTTP/1.0" 200 2874 "http://searchengine.com" "Mozilla/5.0 (Macintosh; Intel Mac OS X 10_9_2) AppleWebKit/537.36 (KHTML, like Gecko) Chrome/36.0.1944.0 Safari/537.36"
244.157.45.12 - - [10/Oct/2013:10:19:36] "GET /shifters HTTP/1.0" 200 4606 "http://www.casualcyclist.com" "Mozilla/5.0 (Macintosh; Intel Mac OS X 10_9_2) AppleWebKit/537.36 (KHTML, like Gecko) Chrome/36.0.1944.0 Safari/537.36"
16.180.70.237 - - [10/Oct/2013:10:22:18] "GET /stems HTTP/1.0" 200 3058 "http://www.casualcyclist.com" "Mozilla/5.0 (Windows; U; MSIE 9.0; Windows NT 9.0; en-US))"
16.180.70.237 - - [10/Oct/2013:10:26:39] "GET /handle-bars HTTP/1.0" 200 4893 "http://www.casualcyclist.com" "Mozilla/5.0 (iPad; CPU OS 6_0 like Mac OS X) AppleWebKit/536.26 (KHTML, like Gecko) Version/6.0 Mobile/10A5355d Safari/8536.25"
16.180.70.237 - - [10/Oct/2013:10:30:22] "GET /saddles HTTP/1.0" 200 2223 "http://bestcyclingreviews.com/top_online_shops" "Mozilla/5.0 (Linux; U; Android 2.3.5; en-us; HTC Vision Build/GRI40) AppleWebKit/533.1 (KHTML, like Gecko) Version/4.0 Mobile Safari/533.1"
114.214.178.92 - - [10/Oct/2013:10:32:39] "GET /wheelsets HTTP/1.0" 200 2314 "http://bestcyclingreviews.com/top_online_shops" "Mozilla/5.0 (Windows; U; Windows NT 6.1; rv:2.2) Gecko/20110201"
10.182.189.79 - - [10/Oct/2013:10:35:32] "GET /stems HTTP/1.0" 200 3886 "http://www.casualcyclist.com" "Mozilla/5.0 (iPad; CPU OS 6_0 like Mac OS X) AppleWebKit/536.26 (KHTML, like Gecko) Version/6.0 Mobile/10A5355d Safari/8536.25"
114.214.178.92 - - [10/Oct/2013:10:39:26] "GET /forks HTTP/1.0" 200 2714 "-" "Mozilla/4.0 (compatible; MSIE 7.0; Windows NT 6.0)"
237.43.24.118 - - [10/Oct/2013:10:40:05] "GET /Store/cart.jsp?productID=1446 HTTP/1.0" 200 3301 "-" "Mozilla/5.0 (Macintosh; Intel Mac OS X 10_9_2) AppleWebKit/537.36 (KHTML, like Gecko) Chrome/36.0.1944.0 Safari/537.36"
123.221.14.56 - - [10/Oct/2013:10:42:46] "GET /stems HTTP/1.0" 200 3519 "http://bleater.com" "Mozilla/5.0 (Windows; U; Windows NT 6.1; rv:2.2) Gecko/20110201"
237.43.24.118 - - [10/Oct/2013:10:44:37] "GET /Store/cart.jsp?productID=1297 HTTP/1.0" 200 2024 "http://www.casualcyclist.com" "Mozilla/5.0 (Windows NT 5.1; rv:31.0) Gecko/20100101 Firefox/31.0"
244.157.45.12 - - [10/Oct/2013:10:48:24] "GET /seatposts HTTP/1.0" 200 2587 "-" "Mozilla/4.0 (compatible; MSIE 7.0; Windows NT 6.0)"
244.157.45.12 - - [10/Oct/2013:10:52:22] "GET /seatposts HTTP/1.0" 200 2308 "http://searchengine.com" "Mozilla/5.0 (Windows NT 5.1; rv:31.0) Gecko/20100101 Firefox/31.0"
218.193.16.244 - - [10/Oct/2013:10:55:41] "GET /Store/cart.jsp?productID=1267 HTTP/1.0" 200 4211 "-" "Mozilla/5.0 (Macintosh; Intel Mac OS X 10_9_2) AppleWebKit/537.36 (KHTML, like Gecko) Chrome/36.0.1944.0 Safari/537.36"
233.192.62.103 - - [10/Oct/2013:10:57:33] "GET /wheelsets HTTP/1.0" 200 4590 "http://searchengine.com" "Mozilla/5.0 (Windows; U; MSIE 9.0; Windows NT 9.0; en-US))"
10.182.189.79 - - [10/Oct/2013:10:59:12] "GET /stems HTTP/1.0" 200 4612 "http://bestcyclingreviews.com/top_online_shops" "Mozilla/5.0 (Windows; U; Windows NT 6.1; rv:2.2) Gecko/20110201"
218.193.16.244 - - [10/Oct/2013:11:01:59] "GET /stems HTTP/1.0" 200 2246 "http://bestcyclingreviews.com/top_online_shops" "Mozilla/5.0 (iPad; CPU OS 6_0 like Mac OS X) AppleWebKit/536.26 (KHTML, like Gecko) Version/6.0 Mobile/10A5355d Safari/8536.25"
10.182.189.79 - - [10/Oct/2013:11:06:18] "GET /seatposts HTTP/1.0" 200 4220 "http://bestcyclingreviews.com/top_online_shops" "Mozilla/5.0 (Linux; U; Android 2.3.5; en-us; HTC Vision Build/GRI40) AppleWebKit/533.1 (KHTML, like Gecko) Version/4.0 Mobile Safari/533.1"
114.214.178.92 - - [10/Oct/2013:11:08:07] "GET /Store/cart.jsp?productID=1024 HTTP/1.0" 200 3762 "http://searchengine.com" "Mozilla/5.0 (Windows; U; Windows NT 6.1; rv:2.2) Gecko/20110201"
233.192.62.103 - - [10/Oct/2013:11:08:53] "GET /Store/cart.jsp?productID=1300 HTTP/1.0" 200 2911 "http://searchengine.com" "Mozilla/4.0 (compatible; MSIE 7.0; Windows NT 6.0)"
16.180.70.237 - - [10/Oct/2013:11:10:24] "GET /forks HTTP/1.0" 200 4359 "http://www.casualcyclist.com" "Mozilla/5.0 (Windows; U; Windows NT 6.1; rv:2.2) Gecko/20110201"
233.192.62.103 - - [10/Oct/2013:11:14:39] "GET /handle-bars HTTP/1.0" 200 4552 "http://bleater.com" "Mozilla/4.0 (compatible; MSIE 7.0; Windows NT 6.0)"
16.180.70.237 - - [10/Oct/2013:11:18:07] "GET /shifters HTTP/1.0" 200 3886 "-" "Mozilla/5.0 (Linux; U; Android 2.3.5; en-us; HTC Vision Build/GRI40) AppleWebKit/533.1 (KHTML, like Gecko) Version/4.0 Mobile Safari/533.1"
198.122.118.164 - - [10/Oct/2013:11:23:06] "GET /shifters HTTP/1.0" 200 3855 "-" "Mozilla/4.0 (compatible; MSIE 7.0; Windows NT 6.0)"
198.122.118.164 - - [10/Oct/2013:11:24:05] "GET /Store/cart.jsp?productID=1359 HTTP/1.0" 200 4418 "-" "Mozilla/5.0 (Windows NT 5.1; rv:31.0) Gecko/20100101 Firefox/31.0"
244.157.45.12 - - [10/Oct/2013:11:28:56] "GET /seatposts HTTP/1.0" 200 3804 "http://bleater.com" "Mozilla/5.0 (Windows NT 5.1; rv:31.0) Gecko/20100101 Firefox/31.0"
233.192.62.103 - - [10/Oct/2013:11:33:49] "GET /stems HTTP/1.0" 200 2124 "http://www.casualcyclist.com" "Mozilla/5.0 (Linux; U; Android 2.3.5; en-us; HTC Vision Build/GRI40) AppleWebKit/533.1 (KHTML, like Gecko) Version/4.0 Mobile Safari/533.1"
198.122.118.164 - - [10/Oct/2013:11:35:12] "GET /handle-bars HTTP/1.0" 200 2429 "http://searchengine.com" "Mozilla/5.0 (Windows; U; MSIE 9.0; Windows NT 9.0; en-US))"
10.182.189.79 - - [10/Oct/2013:11:39:10] "GET /stems HTTP/1.0" 200 4671 "http://bleater.com" "Mozilla/5.0 (Windows; U; MSIE 9.0; Windows NT 9.0; en-US))"
114.214.178.92 - - [10/Oct/2013:11:41:44] "GET /wheelsets HTTP/1.0" 200 3367 "-" "Mozilla/5.0 (Linux; U; Android 2.3.5; en-us; HTC Vision Build/GRI40) AppleWebKit/533.1 (KHTML, like Gecko) Version/4.0 Mobile Safari/533.1"
123.221.14.56 - - [10/Oct/2013:11:46:20] "GET /saddles HTTP/1.0" 200 2551 "-" "Mozilla/5.0 (Linux; U; Android 2.3.5; en-us; HTC Vision Build/GRI40) AppleWebKit/533.1 (KHTML, like Gecko) Version/4.0 Mobile Safari/533.1"
244.157.45.12 - - [10/Oct/2013:11:46:57] "GET /Store/cart.jsp?productID=1356 HTTP/1.0" 200 4486 "-" "Mozilla/5.0 (Linux; U; Android 2.3.5; en-us; HTC Vision Build/GRI40) AppleWebKit/533.1 (KHTML, like Gecko) Version/4.0 Mobile Safari/533.1"
244.157.45.12 - - [10/Oct/2013:11:48:02] "GET /Store/cart.jsp?productID=1140 HTTP/1.0" 200 4680 "-" "Mozilla/5.0 (Linux; U; Android 2.3.5; en-us; HTC Vision Build/GRI40) AppleWebKit/533.1 (KHTML, like Gecko) Version/4.0 Mobile Safari/533.1"
123.221.14.56 - - [10/Oct/2013:11:51:39] "GET /Store/cart.jsp?productID=1023 HTTP/1.0" 200 2121 "http://bestcyclingreviews.com/top_online_shops" "Mozilla/5.0 (Windows; U; MSIE 9.0; Windows NT 9.0; en-US))"
123.221.14.56 - - [10/Oct/2013:11:55:00] "GET /shifters HTTP/1.0" 200 2223 "-" "Mozilla/5.0 (iPad; CPU OS 6_0 like Mac OS X) AppleWebKit/536.26 (KHTML, like Gecko) Version/6.0 Mobile/10A5355d Safari/8536.25"
218.193.16.244 - - [10/Oct/2013:11:55:59] "GET /shifters HTTP/1.0" 200 2056 "-" "Mozilla/5.0 (Windows NT 5.1; rv:31.0) Gecko/20100101 Firefox/31.0"
81.73.150.239 - - [10/Oct/2013:11:59:51] "GET /forks HTTP/1.0" 200 3421 "http://bleater.com" "Mozilla/4.0 (compatible; MSIE 7.0; Windows NT 6.0)"
